21:29:04 **** Build of project lab7_2_toplevel ****
buildplatform.bat 61561 lab7_2_toplevel  
XSDB Server Channel: tcfchan#1
Building the BSP Library for domain  - standalone_microblaze_0 on processor microblaze_0
make --no-print-directory seq_libs

'Finished building libraries sequentially.'

make -j 14 --no-print-directory par_libs

"Running Make include in microblaze_0/libsrc/bram_v4_8/src"

make -C microblaze_0/libsrc/bram_v4_8/src -s include  "SHELL=CMD" "COMPILER=mb-gcc" "ASSEMBLER=mb-as" "ARCHIVER=mb-ar" "COMPILE
R_FLAGS=  -O2 -c -mcpu=v11.0 -mlittle-endian -mno-xl-reorder -mno-xl-soft-mul -mxl-barrel-shift -mxl-pattern-compare" "EXTRA_CO
MPILER_FLAGS=-g -ffunction-sections -fdata-sections -Wall -Wextra -fno-tree-loop-distribute-patterns"

"Running Make include in microblaze_0/libsrc/cpu_v2_16/src"

make -C microblaze_0/libsrc/cpu_v2_16/src -s include  "SHELL=CMD" "COMPILER=mb-gcc" "ASSEMBLER=mb-as" "ARCHIVER=mb-ar" "COMPILE
R_FLAGS=  -O2 -c -mcpu=v11.0 -mlittle-endian -mno-xl-reorder -mno-xl-soft-mul -mxl-barrel-shift -mxl-pattern-compare" "EXTRA_CO
MPILER_FLAGS=-g -ffunction-sections -fdata-sections -Wall -Wextra -fno-tree-loop-distribute-patterns"

"Running Make include in microblaze_0/libsrc/intc_v3_15/src"

make -C microblaze_0/libsrc/intc_v3_15/src -s include  "SHELL=CMD" "COMPILER=mb-gcc" "ASSEMBLER=mb-as" "ARCHIVER=mb-ar" "COMPIL
ER_FLAGS=  -O2 -c -mcpu=v11.0 -mlittle-endian -mno-xl-reorder -mno-xl-soft-mul -mxl-barrel-shift -mxl-pattern-compare" "EXTRA_C
OMPILER_FLAGS=-g -ffunction-sections -fdata-sections -Wall -Wextra -fno-tree-loop-distribute-patterns"

"Running Make include in microblaze_0/libsrc/standalone_v8_0/src"

make -C microblaze_0/libsrc/standalone_v8_0/src -s include  "SHELL=CMD" "COMPILER=mb-gcc" "ASSEMBLER=mb-as" "ARCHIVER=mb-ar" "C
OMPILER_FLAGS=  -O2 -c -mcpu=v11.0 -mlittle-endian -mno-xl-reorder -mno-xl-soft-mul -mxl-barrel-shift -mxl-pattern-compare" "EX
TRA_COMPILER_FLAGS=-g -ffunction-sections -fdata-sections -Wall -Wextra -fno-tree-loop-distribute-patterns"

"Running Make include in microblaze_0/libsrc/uartlite_v3_7/src"

make -C microblaze_0/libsrc/uartlite_v3_7/src -s include  "SHELL=CMD" "COMPILER=mb-gcc" "ASSEMBLER=mb-as" "ARCHIVER=mb-ar" "COM
PILER_FLAGS=  -O2 -c -mcpu=v11.0 -mlittle-endian -mno-xl-reorder -mno-xl-soft-mul -mxl-barrel-shift -mxl-pattern-compare" "EXTR
A_COMPILER_FLAGS=-g -ffunction-sections -fdata-sections -Wall -Wextra -fno-tree-loop-distribute-patterns"

"Running Make libs in microblaze_0/libsrc/bram_v4_8/src"

make -C microblaze_0/libsrc/bram_v4_8/src -s libs  "SHELL=CMD" "COMPILER=mb-gcc" "ASSEMBLER=mb-as" "ARCHIVER=mb-ar" "COMPILER_F
LAGS=  -O2 -c -mcpu=v11.0 -mlittle-endian -mno-xl-reorder -mno-xl-soft-mul -mxl-barrel-shift -mxl-pattern-compare" "EXTRA_COMPI
LER_FLAGS=-g -ffunction-sections -fdata-sections -Wall -Wextra -fno-tree-loop-distribute-patterns"

"Running Make libs in microblaze_0/libsrc/cpu_v2_16/src"

make -C microblaze_0/libsrc/cpu_v2_16/src -s libs  "SHELL=CMD" "COMPILER=mb-gcc" "ASSEMBLER=mb-as" "ARCHIVER=mb-ar" "COMPILER_F
LAGS=  -O2 -c -mcpu=v11.0 -mlittle-endian -mno-xl-reorder -mno-xl-soft-mul -mxl-barrel-shift -mxl-pattern-compare" "EXTRA_COMPI
LER_FLAGS=-g -ffunction-sections -fdata-sections -Wall -Wextra -fno-tree-loop-distribute-patterns"

"Running Make libs in microblaze_0/libsrc/intc_v3_15/src"

make -C microblaze_0/libsrc/intc_v3_15/src -s libs  "SHELL=CMD" "COMPILER=mb-gcc" "ASSEMBLER=mb-as" "ARCHIVER=mb-ar" "COMPILER_
FLAGS=  -O2 -c -mcpu=v11.0 -mlittle-endian -mno-xl-reorder -mno-xl-soft-mul -mxl-barrel-shift -mxl-pattern-compare" "EXTRA_COMP
ILER_FLAGS=-g -ffunction-sections -fdata-sections -Wall -Wextra -fno-tree-loop-distribute-patterns"

"Running Make libs in microblaze_0/libsrc/standalone_v8_0/src"

make -C microblaze_0/libsrc/standalone_v8_0/src -s libs  "SHELL=CMD" "COMPILER=mb-gcc" "ASSEMBLER=mb-as" "ARCHIVER=mb-ar" "COMP
ILER_FLAGS=  -O2 -c -mcpu=v11.0 -mlittle-endian -mno-xl-reorder -mno-xl-soft-mul -mxl-barrel-shift -mxl-pattern-compare" "EXTRA
_COMPILER_FLAGS=-g -ffunction-sections -fdata-sections -Wall -Wextra -fno-tree-loop-distribute-patterns"

"Running Make libs in microblaze_0/libsrc/uartlite_v3_7/src"

make -C microblaze_0/libsrc/uartlite_v3_7/src -s libs  "SHELL=CMD" "COMPILER=mb-gcc" "ASSEMBLER=mb-as" "ARCHIVER=mb-ar" "COMPIL
ER_FLAGS=  -O2 -c -mcpu=v11.0 -mlittle-endian -mno-xl-reorder -mno-xl-soft-mul -mxl-barrel-shift -mxl-pattern-compare" "EXTRA_C
OMPILER_FLAGS=-g -ffunction-sections -fdata-sections -Wall -Wextra -fno-tree-loop-distribute-patterns"

microblaze_sleep.c:81:9: note: '#pragma message: For the sleep routines, assembly instructions are used'
   81 | #pragma message ("For the sleep routines, assembly instructions are used")
      |         ^~~~~~~
"DEBUG NON_LTO_OBJECTS is ../../../lib/microblaze_interrupt_handler.o"

'Finished building libraries parallelly.'

make --no-print-directory archive

mb-ar -r  microblaze_0/lib/libxil.a microblaze_0/lib/_exit.o microblaze_0/lib/errno.o microblaze_0/lib/fcntl.o microblaze_0/lib
/hw_exception_handler.o microblaze_0/lib/inbyte.o microblaze_0/lib/microblaze_disable_dcache.o microblaze_0/lib/microblaze_disa
ble_exceptions.o microblaze_0/lib/microblaze_disable_icache.o microblaze_0/lib/microblaze_disable_interrupts.o microblaze_0/lib
/microblaze_enable_dcache.o microblaze_0/lib/microblaze_enable_exceptions.o microblaze_0/lib/microblaze_enable_icache.o microbl
aze_0/lib/microblaze_enable_interrupts.o microblaze_0/lib/microblaze_exception_handler.o microblaze_0/lib/microblaze_flush_cach
e_ext.o microblaze_0/lib/microblaze_flush_cache_ext_range.o microblaze_0/lib/microblaze_flush_dcache.o microblaze_0/lib/microbl
aze_flush_dcache_range.o microblaze_0/lib/microblaze_init_dcache_range.o microblaze_0/lib/microblaze_init_icache_range.o microb
laze_0/lib/microblaze_interrupt_handler.o microblaze_0/lib/microblaze_interrupts_g.o microblaze_0/lib/microblaze_invalidate_cac
he_ext.o microblaze_0/lib/microblaze_invalidate_cache_ext_range.o microblaze_0/lib/microblaze_invalidate_dcache.o microblaze_0/
lib/microblaze_invalidate_dcache_range.o microblaze_0/lib/microblaze_invalidate_icache.o microblaze_0/lib/microblaze_invalidate
_icache_range.o microblaze_0/lib/microblaze_scrub.o microblaze_0/lib/microblaze_selftest.o microblaze_0/lib/microblaze_sleep.o 
microblaze_0/lib/microblaze_update_dcache.o microblaze_0/lib/microblaze_update_icache.o microblaze_0/lib/outbyte.o microblaze_0
/lib/print.o microblaze_0/lib/pvr.o microblaze_0/lib/xbram.o microblaze_0/lib/xbram_g.o microblaze_0/lib/xbram_intr.o microblaz
e_0/lib/xbram_selftest.o microblaze_0/lib/xbram_sinit.o microblaze_0/lib/xil_assert.o microblaze_0/lib/xil_cache.o microblaze_0
/lib/xil_clocking.o microblaze_0/lib/xil_exception.o microblaze_0/lib/xil_mem.o microblaze_0/lib/xil_misc_psreset_api.o microbl
aze_0/lib/xil_printf.o microblaze_0/lib/xil_sleepcommon.o microblaze_0/lib/xil_testcache.o microblaze_0/lib/xil_testio.o microb
laze_0/lib/xil_testmem.o microblaze_0/lib/xil_util.o microblaze_0/lib/xintc.o microblaze_0/lib/xintc_g.o microblaze_0/lib/xintc
_intr.o microblaze_0/lib/xintc_l.o microblaze_0/lib/xintc_options.o microblaze_0/lib/xintc_selftest.o microblaze_0/lib/xinterru
pt_wrap.o microblaze_0/lib/xio.o microblaze_0/lib/xplatform_info.o microblaze_0/lib/xuartlite.o microblaze_0/lib/xuartlite_g.o 
microblaze_0/lib/xuartlite_intr.o microblaze_0/lib/xuartlite_l.o microblaze_0/lib/xuartlite_selftest.o microblaze_0/lib/xuartli
te_sinit.o microblaze_0/lib/xuartlite_stats.o

mb-ar: creating microblaze_0/lib/libxil.a
'Finished building libraries'

21:29:11 **** Build of configuration Debug for project Lab7_2 ****
make all 
'Building file: ../src/hdmi_text_controller.c'
'Invoking: MicroBlaze gcc compiler'
mb-gcc -Wall -O0 -g3 -c -fmessage-length=0 -MT"src/hdmi_text_controller.o" -IC:/Users/14435/Desktop/ECE385/lab7_2_workspace/lab7_2_toplevel/export/lab7_2_toplevel/sw/lab7_2_toplevel/standalone_microblaze_0/bspinclude/include -mno-xl-reorder -mlittle-endian -mxl-barrel-shift -mxl-pattern-compare -mcpu=v11.0 -mno-xl-soft-mul -Wl,--no-relax -ffunction-sections -fdata-sections -MMD -MP -MF"src/hdmi_text_controller.d" -MT"src/hdmi_text_controller.o" -o "src/hdmi_text_controller.o" "../src/hdmi_text_controller.c"
In file included from ../src/hdmi_text_controller.h:8,
                 from ../src/hdmi_text_controller.c:4:
C:/Users/14435/Desktop/ECE385/lab7_2_workspace/lab7_2_toplevel/export/lab7_2_toplevel/sw/lab7_2_toplevel/standalone_microblaze_0/bspinclude/include/xparameters.h:574:50: warning: initialization of 'volatile struct TEXT_HDMI_STRUCT *' from 'int' makes pointer from integer without a cast [-Wint-conversion]
  574 | #define XPAR_HDMI_TEXT_CONTROLLER_0_AXI_BASEADDR 0x44A00000
      |                                                  ^~~~~~~~~~
../src/hdmi_text_controller.h:30:54: note: in expansion of macro 'XPAR_HDMI_TEXT_CONTROLLER_0_AXI_BASEADDR'
   30 | static volatile struct TEXT_HDMI_STRUCT* hdmi_ctrl = XPAR_HDMI_TEXT_CONTROLLER_0_AXI_BASEADDR;
      |                                                      ^~~~~~~~~~~~~~~~~~~~~~~~~~~~~~~~~~~~~~~~
../src/hdmi_text_controller.c:101:1: warning: return type defaults to 'int' [-Wimplicit-int]
  101 | hdmiTestWeek2()
      | ^~~~~~~~~~~~~
../src/hdmi_text_controller.c:101:1: warning: conflicting types for 'hdmiTestWeek2'
In file included from ../src/hdmi_text_controller.c:4:
../src/hdmi_text_controller.h:119:6: note: previous declaration of 'hdmiTestWeek2' with type 'void()'
  119 | void hdmiTestWeek2(); //call this for your Week 2 demo
      |      ^~~~~~~~~~~~~
../src/hdmi_text_controller.c: In function 'hdmiTestWeek2':
../src/hdmi_text_controller.c:124:46: warning: format '%x' expects argument of type 'unsigned int', but argument 3 has type 'uint32_t' {aka 'long unsigned int'} [-Wformat=]
  124 |                 printf ("Row: %d, Checksum: %x, Read-back Checksum: %x\n\r", j, checksum[j], readsum[j]);
      |                                             ~^                                  ~~~~~~~~~~~
      |                                              |                                          |
      |                                              unsigned int                               uint32_t {aka long unsigned int}
      |                                             %lx
../src/hdmi_text_controller.c:124:70: warning: format '%x' expects argument of type 'unsigned int', but argument 4 has type 'uint32_t' {aka 'long unsigned int'} [-Wformat=]
  124 |                 printf ("Row: %d, Checksum: %x, Read-back Checksum: %x\n\r", j, checksum[j], readsum[j]);
      |                                                                     ~^                       ~~~~~~~~~~
      |                                                                      |                              |
      |                                                                      unsigned int                   uint32_t {aka long unsigned int}
      |                                                                     %lx
'Finished building: ../src/hdmi_text_controller.c'
' '
'Building file: ../src/main.c'
'Invoking: MicroBlaze gcc compiler'
mb-gcc -Wall -O0 -g3 -c -fmessage-length=0 -MT"src/main.o" -IC:/Users/14435/Desktop/ECE385/lab7_2_workspace/lab7_2_toplevel/export/lab7_2_toplevel/sw/lab7_2_toplevel/standalone_microblaze_0/bspinclude/include -mno-xl-reorder -mlittle-endian -mxl-barrel-shift -mxl-pattern-compare -mcpu=v11.0 -mno-xl-soft-mul -Wl,--no-relax -ffunction-sections -fdata-sections -MMD -MP -MF"src/main.d" -MT"src/main.o" -o "src/main.o" "../src/main.c"
../src/main.c: In function 'main':
../src/main.c:57:5: warning: implicit declaration of function 'hdmiTestWeek2' [-Wimplicit-function-declaration]
   57 |     hdmiTestWeek2();
      |     ^~~~~~~~~~~~~
'Finished building: ../src/main.c'
' '
'Building file: ../src/platform.c'
'Invoking: MicroBlaze gcc compiler'
mb-gcc -Wall -O0 -g3 -c -fmessage-length=0 -MT"src/platform.o" -IC:/Users/14435/Desktop/ECE385/lab7_2_workspace/lab7_2_toplevel/export/lab7_2_toplevel/sw/lab7_2_toplevel/standalone_microblaze_0/bspinclude/include -mno-xl-reorder -mlittle-endian -mxl-barrel-shift -mxl-pattern-compare -mcpu=v11.0 -mno-xl-soft-mul -Wl,--no-relax -ffunction-sections -fdata-sections -MMD -MP -MF"src/platform.d" -MT"src/platform.o" -o "src/platform.o" "../src/platform.c"
'Finished building: ../src/platform.c'
' '
'Building target: Lab7_2.elf'
'Invoking: MicroBlaze gcc linker'
mb-gcc -Wl,-T -Wl,../src/lscript.ld -LC:/Users/14435/Desktop/ECE385/lab7_2_workspace/lab7_2_toplevel/export/lab7_2_toplevel/sw/lab7_2_toplevel/standalone_microblaze_0/bsplib/lib -mlittle-endian -mxl-barrel-shift -mxl-pattern-compare -mcpu=v11.0 -mno-xl-soft-mul -Wl,--no-relax -Wl,--gc-sections -o "Lab7_2.elf"  ./src/hdmi_text_controller.o ./src/main.o ./src/platform.o   -Wl,--start-group,-lxil,-lgcc,-lc,--end-group
'Finished building target: Lab7_2.elf'
' '
'Invoking: MicroBlaze Print Size'
mb-size Lab7_2.elf  |tee "Lab7_2.elf.size"
   text	   data	    bss	    dec	    hex	filename
  85380	   2096	   3172	  90648	  16218	Lab7_2.elf
'Finished building: Lab7_2.elf.size'
' '
22:07:47 **** Clean-only build of configuration Debug for project Lab7_2 ****
make clean 
rm -rf  ./src/hdmi_text_controller.o ./src/main.o ./src/platform.o  ./src/hdmi_text_controller.d ./src/main.d ./src/platform.d  Lab7_2.elf.size  Lab7_2.elf
' '
22:07:48 **** Clean-only build of project lab7_2_toplevel ****
buildplatform.bat 49913 lab7_2_toplevel clean 
XSDB Server Channel: tcfchan#4
Reading the platform  : "lab7_2_toplevel"
Cleaning the BSP for domain  - standalone_microblaze_0
make -C microblaze_0/libsrc/bram_v4_8/src -s clean 

make -C microblaze_0/libsrc/cpu_v2_16/src -s clean 

make -C microblaze_0/libsrc/intc_v3_15/src -s clean 

make -C microblaze_0/libsrc/standalone_v8_0/src -s clean 

make -C microblaze_0/libsrc/uartlite_v3_7/src -s clean 

rm -f microblaze_0/lib/libxil.a

22:08:01 **** Build of project lab7_2_toplevel ****
buildplatform.bat 49913 lab7_2_toplevel  
XSDB Server Channel: tcfchan#5
Building the BSP Library for domain  - standalone_microblaze_0 on processor microblaze_0
make --no-print-directory seq_libs

'Finished building libraries sequentially.'

make -j 14 --no-print-directory par_libs

"Running Make include in microblaze_0/libsrc/bram_v4_8/src"

make -C microblaze_0/libsrc/bram_v4_8/src -s include  "SHELL=CMD" "COMPILER=mb-gcc" "ASSEMBLER=mb-as" "ARCHIVER=mb-ar" "COMPILE
R_FLAGS=  -O2 -c -mcpu=v11.0 -mlittle-endian -mno-xl-reorder -mno-xl-soft-mul -mxl-barrel-shift -mxl-pattern-compare" "EXTRA_CO
MPILER_FLAGS=-g -ffunction-sections -fdata-sections -Wall -Wextra -fno-tree-loop-distribute-patterns"

"Running Make include in microblaze_0/libsrc/cpu_v2_16/src"

make -C microblaze_0/libsrc/cpu_v2_16/src -s include  "SHELL=CMD" "COMPILER=mb-gcc" "ASSEMBLER=mb-as" "ARCHIVER=mb-ar" "COMPILE
R_FLAGS=  -O2 -c -mcpu=v11.0 -mlittle-endian -mno-xl-reorder -mno-xl-soft-mul -mxl-barrel-shift -mxl-pattern-compare" "EXTRA_CO
MPILER_FLAGS=-g -ffunction-sections -fdata-sections -Wall -Wextra -fno-tree-loop-distribute-patterns"

"Running Make include in microblaze_0/libsrc/intc_v3_15/src"

make -C microblaze_0/libsrc/intc_v3_15/src -s include  "SHELL=CMD" "COMPILER=mb-gcc" "ASSEMBLER=mb-as" "ARCHIVER=mb-ar" "COMPIL
ER_FLAGS=  -O2 -c -mcpu=v11.0 -mlittle-endian -mno-xl-reorder -mno-xl-soft-mul -mxl-barrel-shift -mxl-pattern-compare" "EXTRA_C
OMPILER_FLAGS=-g -ffunction-sections -fdata-sections -Wall -Wextra -fno-tree-loop-distribute-patterns"

"Running Make include in microblaze_0/libsrc/standalone_v8_0/src"

make -C microblaze_0/libsrc/standalone_v8_0/src -s include  "SHELL=CMD" "COMPILER=mb-gcc" "ASSEMBLER=mb-as" "ARCHIVER=mb-ar" "C
OMPILER_FLAGS=  -O2 -c -mcpu=v11.0 -mlittle-endian -mno-xl-reorder -mno-xl-soft-mul -mxl-barrel-shift -mxl-pattern-compare" "EX
TRA_COMPILER_FLAGS=-g -ffunction-sections -fdata-sections -Wall -Wextra -fno-tree-loop-distribute-patterns"

"Running Make include in microblaze_0/libsrc/uartlite_v3_7/src"

make -C microblaze_0/libsrc/uartlite_v3_7/src -s include  "SHELL=CMD" "COMPILER=mb-gcc" "ASSEMBLER=mb-as" "ARCHIVER=mb-ar" "COM
PILER_FLAGS=  -O2 -c -mcpu=v11.0 -mlittle-endian -mno-xl-reorder -mno-xl-soft-mul -mxl-barrel-shift -mxl-pattern-compare" "EXTR
A_COMPILER_FLAGS=-g -ffunction-sections -fdata-sections -Wall -Wextra -fno-tree-loop-distribute-patterns"

"Running Make libs in microblaze_0/libsrc/bram_v4_8/src"

make -C microblaze_0/libsrc/bram_v4_8/src -s libs  "SHELL=CMD" "COMPILER=mb-gcc" "ASSEMBLER=mb-as" "ARCHIVER=mb-ar" "COMPILER_F
LAGS=  -O2 -c -mcpu=v11.0 -mlittle-endian -mno-xl-reorder -mno-xl-soft-mul -mxl-barrel-shift -mxl-pattern-compare" "EXTRA_COMPI
LER_FLAGS=-g -ffunction-sections -fdata-sections -Wall -Wextra -fno-tree-loop-distribute-patterns"

"Running Make libs in microblaze_0/libsrc/cpu_v2_16/src"

make -C microblaze_0/libsrc/cpu_v2_16/src -s libs  "SHELL=CMD" "COMPILER=mb-gcc" "ASSEMBLER=mb-as" "ARCHIVER=mb-ar" "COMPILER_F
LAGS=  -O2 -c -mcpu=v11.0 -mlittle-endian -mno-xl-reorder -mno-xl-soft-mul -mxl-barrel-shift -mxl-pattern-compare" "EXTRA_COMPI
LER_FLAGS=-g -ffunction-sections -fdata-sections -Wall -Wextra -fno-tree-loop-distribute-patterns"

"Running Make libs in microblaze_0/libsrc/intc_v3_15/src"

make -C microblaze_0/libsrc/intc_v3_15/src -s libs  "SHELL=CMD" "COMPILER=mb-gcc" "ASSEMBLER=mb-as" "ARCHIVER=mb-ar" "COMPILER_
FLAGS=  -O2 -c -mcpu=v11.0 -mlittle-endian -mno-xl-reorder -mno-xl-soft-mul -mxl-barrel-shift -mxl-pattern-compare" "EXTRA_COMP
ILER_FLAGS=-g -ffunction-sections -fdata-sections -Wall -Wextra -fno-tree-loop-distribute-patterns"

"Running Make libs in microblaze_0/libsrc/standalone_v8_0/src"

make -C microblaze_0/libsrc/standalone_v8_0/src -s libs  "SHELL=CMD" "COMPILER=mb-gcc" "ASSEMBLER=mb-as" "ARCHIVER=mb-ar" "COMP
ILER_FLAGS=  -O2 -c -mcpu=v11.0 -mlittle-endian -mno-xl-reorder -mno-xl-soft-mul -mxl-barrel-shift -mxl-pattern-compare" "EXTRA
_COMPILER_FLAGS=-g -ffunction-sections -fdata-sections -Wall -Wextra -fno-tree-loop-distribute-patterns"

"Running Make libs in microblaze_0/libsrc/uartlite_v3_7/src"

make -C microblaze_0/libsrc/uartlite_v3_7/src -s libs  "SHELL=CMD" "COMPILER=mb-gcc" "ASSEMBLER=mb-as" "ARCHIVER=mb-ar" "COMPIL
ER_FLAGS=  -O2 -c -mcpu=v11.0 -mlittle-endian -mno-xl-reorder -mno-xl-soft-mul -mxl-barrel-shift -mxl-pattern-compare" "EXTRA_C
OMPILER_FLAGS=-g -ffunction-sections -fdata-sections -Wall -Wextra -fno-tree-loop-distribute-patterns"

microblaze_sleep.c:81:9: note: '#pragma message: For the sleep routines, assembly instructions are used'
   81 | #pragma message ("For the sleep routines, assembly instructions are used")
      |         ^~~~~~~
"DEBUG NON_LTO_OBJECTS is ../../../lib/microblaze_interrupt_handler.o"

'Finished building libraries parallelly.'

make --no-print-directory archive

mb-ar -r  microblaze_0/lib/libxil.a microblaze_0/lib/_exit.o microblaze_0/lib/errno.o microblaze_0/lib/fcntl.o microblaze_0/lib
/hw_exception_handler.o microblaze_0/lib/inbyte.o microblaze_0/lib/microblaze_disable_dcache.o microblaze_0/lib/microblaze_disa
ble_exceptions.o microblaze_0/lib/microblaze_disable_icache.o microblaze_0/lib/microblaze_disable_interrupts.o microblaze_0/lib
/microblaze_enable_dcache.o microblaze_0/lib/microblaze_enable_exceptions.o microblaze_0/lib/microblaze_enable_icache.o microbl
aze_0/lib/microblaze_enable_interrupts.o microblaze_0/lib/microblaze_exception_handler.o microblaze_0/lib/microblaze_flush_cach
e_ext.o microblaze_0/lib/microblaze_flush_cache_ext_range.o microblaze_0/lib/microblaze_flush_dcache.o microblaze_0/lib/microbl
aze_flush_dcache_range.o microblaze_0/lib/microblaze_init_dcache_range.o microblaze_0/lib/microblaze_init_icache_range.o microb
laze_0/lib/microblaze_interrupt_handler.o microblaze_0/lib/microblaze_interrupts_g.o microblaze_0/lib/microblaze_invalidate_cac
he_ext.o microblaze_0/lib/microblaze_invalidate_cache_ext_range.o microblaze_0/lib/microblaze_invalidate_dcache.o microblaze_0/
lib/microblaze_invalidate_dcache_range.o microblaze_0/lib/microblaze_invalidate_icache.o microblaze_0/lib/microblaze_invalidate
_icache_range.o microblaze_0/lib/microblaze_scrub.o microblaze_0/lib/microblaze_selftest.o microblaze_0/lib/microblaze_sleep.o 
microblaze_0/lib/microblaze_update_dcache.o microblaze_0/lib/microblaze_update_icache.o microblaze_0/lib/outbyte.o microblaze_0
/lib/print.o microblaze_0/lib/pvr.o microblaze_0/lib/xbram.o microblaze_0/lib/xbram_g.o microblaze_0/lib/xbram_intr.o microblaz
e_0/lib/xbram_selftest.o microblaze_0/lib/xbram_sinit.o microblaze_0/lib/xil_assert.o microblaze_0/lib/xil_cache.o microblaze_0
/lib/xil_clocking.o microblaze_0/lib/xil_exception.o microblaze_0/lib/xil_mem.o microblaze_0/lib/xil_misc_psreset_api.o microbl
aze_0/lib/xil_printf.o microblaze_0/lib/xil_sleepcommon.o microblaze_0/lib/xil_testcache.o microblaze_0/lib/xil_testio.o microb
laze_0/lib/xil_testmem.o microblaze_0/lib/xil_util.o microblaze_0/lib/xintc.o microblaze_0/lib/xintc_g.o microblaze_0/lib/xintc
_intr.o microblaze_0/lib/xintc_l.o microblaze_0/lib/xintc_options.o microblaze_0/lib/xintc_selftest.o microblaze_0/lib/xinterru
pt_wrap.o microblaze_0/lib/xio.o microblaze_0/lib/xplatform_info.o microblaze_0/lib/xuartlite.o microblaze_0/lib/xuartlite_g.o 
microblaze_0/lib/xuartlite_intr.o microblaze_0/lib/xuartlite_l.o microblaze_0/lib/xuartlite_selftest.o microblaze_0/lib/xuartli
te_sinit.o microblaze_0/lib/xuartlite_stats.o

mb-ar: creating microblaze_0/lib/libxil.a
'Finished building libraries'

22:08:08 **** Build of configuration Debug for project Lab7_2 ****
make all 
'Building file: ../src/hdmi_text_controller.c'
'Invoking: MicroBlaze gcc compiler'
mb-gcc -Wall -O0 -g3 -c -fmessage-length=0 -MT"src/hdmi_text_controller.o" -IC:/Users/14435/Desktop/ECE385/lab7_2_workspace/lab7_2_toplevel/export/lab7_2_toplevel/sw/lab7_2_toplevel/standalone_microblaze_0/bspinclude/include -mno-xl-reorder -mlittle-endian -mxl-barrel-shift -mxl-pattern-compare -mcpu=v11.0 -mno-xl-soft-mul -Wl,--no-relax -ffunction-sections -fdata-sections -MMD -MP -MF"src/hdmi_text_controller.d" -MT"src/hdmi_text_controller.o" -o "src/hdmi_text_controller.o" "../src/hdmi_text_controller.c"
In file included from ../src/hdmi_text_controller.h:8,
                 from ../src/hdmi_text_controller.c:4:
C:/Users/14435/Desktop/ECE385/lab7_2_workspace/lab7_2_toplevel/export/lab7_2_toplevel/sw/lab7_2_toplevel/standalone_microblaze_0/bspinclude/include/xparameters.h:574:50: warning: initialization of 'volatile struct TEXT_HDMI_STRUCT *' from 'int' makes pointer from integer without a cast [-Wint-conversion]
  574 | #define XPAR_HDMI_TEXT_CONTROLLER_0_AXI_BASEADDR 0x44A00000
      |                                                  ^~~~~~~~~~
../src/hdmi_text_controller.h:30:54: note: in expansion of macro 'XPAR_HDMI_TEXT_CONTROLLER_0_AXI_BASEADDR'
   30 | static volatile struct TEXT_HDMI_STRUCT* hdmi_ctrl = XPAR_HDMI_TEXT_CONTROLLER_0_AXI_BASEADDR;
      |                                                      ^~~~~~~~~~~~~~~~~~~~~~~~~~~~~~~~~~~~~~~~
../src/hdmi_text_controller.c:101:1: warning: return type defaults to 'int' [-Wimplicit-int]
  101 | hdmiTestWeek2()
      | ^~~~~~~~~~~~~
../src/hdmi_text_controller.c:101:1: warning: conflicting types for 'hdmiTestWeek2'
In file included from ../src/hdmi_text_controller.c:4:
../src/hdmi_text_controller.h:119:6: note: previous declaration of 'hdmiTestWeek2' with type 'void()'
  119 | void hdmiTestWeek2(); //call this for your Week 2 demo
      |      ^~~~~~~~~~~~~
../src/hdmi_text_controller.c: In function 'hdmiTestWeek2':
../src/hdmi_text_controller.c:124:46: warning: format '%x' expects argument of type 'unsigned int', but argument 3 has type 'uint32_t' {aka 'long unsigned int'} [-Wformat=]
  124 |                 printf ("Row: %d, Checksum: %x, Read-back Checksum: %x\n\r", j, checksum[j], readsum[j]);
      |                                             ~^                                  ~~~~~~~~~~~
      |                                              |                                          |
      |                                              unsigned int                               uint32_t {aka long unsigned int}
      |                                             %lx
../src/hdmi_text_controller.c:124:70: warning: format '%x' expects argument of type 'unsigned int', but argument 4 has type 'uint32_t' {aka 'long unsigned int'} [-Wformat=]
  124 |                 printf ("Row: %d, Checksum: %x, Read-back Checksum: %x\n\r", j, checksum[j], readsum[j]);
      |                                                                     ~^                       ~~~~~~~~~~
      |                                                                      |                              |
      |                                                                      unsigned int                   uint32_t {aka long unsigned int}
      |                                                                     %lx
'Finished building: ../src/hdmi_text_controller.c'
' '
'Building file: ../src/main.c'
'Invoking: MicroBlaze gcc compiler'
mb-gcc -Wall -O0 -g3 -c -fmessage-length=0 -MT"src/main.o" -IC:/Users/14435/Desktop/ECE385/lab7_2_workspace/lab7_2_toplevel/export/lab7_2_toplevel/sw/lab7_2_toplevel/standalone_microblaze_0/bspinclude/include -mno-xl-reorder -mlittle-endian -mxl-barrel-shift -mxl-pattern-compare -mcpu=v11.0 -mno-xl-soft-mul -Wl,--no-relax -ffunction-sections -fdata-sections -MMD -MP -MF"src/main.d" -MT"src/main.o" -o "src/main.o" "../src/main.c"
../src/main.c: In function 'main':
../src/main.c:57:5: warning: implicit declaration of function 'hdmiTestWeek2' [-Wimplicit-function-declaration]
   57 |     hdmiTestWeek2();
      |     ^~~~~~~~~~~~~
'Finished building: ../src/main.c'
' '
'Building file: ../src/platform.c'
'Invoking: MicroBlaze gcc compiler'
mb-gcc -Wall -O0 -g3 -c -fmessage-length=0 -MT"src/platform.o" -IC:/Users/14435/Desktop/ECE385/lab7_2_workspace/lab7_2_toplevel/export/lab7_2_toplevel/sw/lab7_2_toplevel/standalone_microblaze_0/bspinclude/include -mno-xl-reorder -mlittle-endian -mxl-barrel-shift -mxl-pattern-compare -mcpu=v11.0 -mno-xl-soft-mul -Wl,--no-relax -ffunction-sections -fdata-sections -MMD -MP -MF"src/platform.d" -MT"src/platform.o" -o "src/platform.o" "../src/platform.c"
'Finished building: ../src/platform.c'
' '
'Building target: Lab7_2.elf'
'Invoking: MicroBlaze gcc linker'
mb-gcc -Wl,-T -Wl,../src/lscript.ld -LC:/Users/14435/Desktop/ECE385/lab7_2_workspace/lab7_2_toplevel/export/lab7_2_toplevel/sw/lab7_2_toplevel/standalone_microblaze_0/bsplib/lib -mlittle-endian -mxl-barrel-shift -mxl-pattern-compare -mcpu=v11.0 -mno-xl-soft-mul -Wl,--no-relax -Wl,--gc-sections -o "Lab7_2.elf"  ./src/hdmi_text_controller.o ./src/main.o ./src/platform.o   -Wl,--start-group,-lxil,-lgcc,-lc,--end-group
'Finished building target: Lab7_2.elf'
' '
'Invoking: MicroBlaze Print Size'
mb-size Lab7_2.elf  |tee "Lab7_2.elf.size"
   text	   data	    bss	    dec	    hex	filename
  85380	   2096	   3172	  90648	  16218	Lab7_2.elf
'Finished building: Lab7_2.elf.size'
' '
22:08:11 **** Build of configuration Debug for project Lab7_2_system ****
make all 
Skipping SD card image generation. Reason: "The system project only has applications for microblaze processors."
22:15:35 **** Clean-only build of configuration Debug for project Lab7_2 ****
make clean 
rm -rf  ./src/hdmi_text_controller.o ./src/main.o ./src/platform.o  ./src/hdmi_text_controller.d ./src/main.d ./src/platform.d  Lab7_2.elf.size  Lab7_2.elf
' '
22:15:35 **** Clean-only build of configuration Debug for project Lab7_2_system ****
make clean 
rm -rf ./_sds
rm -rf package
rm -f system.bif
22:15:35 **** Clean-only build of project lab7_2_toplevel ****
buildplatform.bat 49913 lab7_2_toplevel clean 
xsct% XSDB Server Channel: tcfchan#8
Cleaning the BSP for domain  - standalone_microblaze_0
make -C microblaze_0/libsrc/bram_v4_8/src -s clean 

make -C microblaze_0/libsrc/cpu_v2_16/src -s clean 

make -C microblaze_0/libsrc/intc_v3_15/src -s clean 

make -C microblaze_0/libsrc/standalone_v8_0/src -s clean 

make -C microblaze_0/libsrc/uartlite_v3_7/src -s clean 

rm -f microblaze_0/lib/libxil.a

22:15:44 **** Build of project lab7_2_toplevel ****
buildplatform.bat 49913 lab7_2_toplevel  
XSDB Server Channel: tcfchan#9
C:/Users/14435/Desktop/Vitis/2022.2/gnu/microblaze/nt
Building the BSP Library for domain  - standalone_microblaze_0 on processor microblaze_0
make --no-print-directory seq_libs

'Finished building libraries sequentially.'

make -j 14 --no-print-directory par_libs

"Running Make include in microblaze_0/libsrc/bram_v4_8/src"

make -C microblaze_0/libsrc/bram_v4_8/src -s include  "SHELL=CMD" "COMPILER=mb-gcc" "ASSEMBLER=mb-as" "ARCHIVER=mb-ar" "COMPILE
R_FLAGS=  -O2 -c -mcpu=v11.0 -mlittle-endian -mno-xl-reorder -mno-xl-soft-mul -mxl-barrel-shift -mxl-pattern-compare" "EXTRA_CO
MPILER_FLAGS=-g -ffunction-sections -fdata-sections -Wall -Wextra -fno-tree-loop-distribute-patterns"

"Running Make include in microblaze_0/libsrc/cpu_v2_16/src"

make -C microblaze_0/libsrc/cpu_v2_16/src -s include  "SHELL=CMD" "COMPILER=mb-gcc" "ASSEMBLER=mb-as" "ARCHIVER=mb-ar" "COMPILE
R_FLAGS=  -O2 -c -mcpu=v11.0 -mlittle-endian -mno-xl-reorder -mno-xl-soft-mul -mxl-barrel-shift -mxl-pattern-compare" "EXTRA_CO
MPILER_FLAGS=-g -ffunction-sections -fdata-sections -Wall -Wextra -fno-tree-loop-distribute-patterns"

"Running Make include in microblaze_0/libsrc/intc_v3_15/src"

make -C microblaze_0/libsrc/intc_v3_15/src -s include  "SHELL=CMD" "COMPILER=mb-gcc" "ASSEMBLER=mb-as" "ARCHIVER=mb-ar" "COMPIL
ER_FLAGS=  -O2 -c -mcpu=v11.0 -mlittle-endian -mno-xl-reorder -mno-xl-soft-mul -mxl-barrel-shift -mxl-pattern-compare" "EXTRA_C
OMPILER_FLAGS=-g -ffunction-sections -fdata-sections -Wall -Wextra -fno-tree-loop-distribute-patterns"

"Running Make include in microblaze_0/libsrc/standalone_v8_0/src"

make -C microblaze_0/libsrc/standalone_v8_0/src -s include  "SHELL=CMD" "COMPILER=mb-gcc" "ASSEMBLER=mb-as" "ARCHIVER=mb-ar" "C
OMPILER_FLAGS=  -O2 -c -mcpu=v11.0 -mlittle-endian -mno-xl-reorder -mno-xl-soft-mul -mxl-barrel-shift -mxl-pattern-compare" "EX
TRA_COMPILER_FLAGS=-g -ffunction-sections -fdata-sections -Wall -Wextra -fno-tree-loop-distribute-patterns"

"Running Make include in microblaze_0/libsrc/uartlite_v3_7/src"

make -C microblaze_0/libsrc/uartlite_v3_7/src -s include  "SHELL=CMD" "COMPILER=mb-gcc" "ASSEMBLER=mb-as" "ARCHIVER=mb-ar" "COM
PILER_FLAGS=  -O2 -c -mcpu=v11.0 -mlittle-endian -mno-xl-reorder -mno-xl-soft-mul -mxl-barrel-shift -mxl-pattern-compare" "EXTR
A_COMPILER_FLAGS=-g -ffunction-sections -fdata-sections -Wall -Wextra -fno-tree-loop-distribute-patterns"

"Running Make libs in microblaze_0/libsrc/bram_v4_8/src"

make -C microblaze_0/libsrc/bram_v4_8/src -s libs  "SHELL=CMD" "COMPILER=mb-gcc" "ASSEMBLER=mb-as" "ARCHIVER=mb-ar" "COMPILER_F
LAGS=  -O2 -c -mcpu=v11.0 -mlittle-endian -mno-xl-reorder -mno-xl-soft-mul -mxl-barrel-shift -mxl-pattern-compare" "EXTRA_COMPI
LER_FLAGS=-g -ffunction-sections -fdata-sections -Wall -Wextra -fno-tree-loop-distribute-patterns"

"Running Make libs in microblaze_0/libsrc/cpu_v2_16/src"

make -C microblaze_0/libsrc/cpu_v2_16/src -s libs  "SHELL=CMD" "COMPILER=mb-gcc" "ASSEMBLER=mb-as" "ARCHIVER=mb-ar" "COMPILER_F
LAGS=  -O2 -c -mcpu=v11.0 -mlittle-endian -mno-xl-reorder -mno-xl-soft-mul -mxl-barrel-shift -mxl-pattern-compare" "EXTRA_COMPI
LER_FLAGS=-g -ffunction-sections -fdata-sections -Wall -Wextra -fno-tree-loop-distribute-patterns"

"Running Make libs in microblaze_0/libsrc/intc_v3_15/src"

make -C microblaze_0/libsrc/intc_v3_15/src -s libs  "SHELL=CMD" "COMPILER=mb-gcc" "ASSEMBLER=mb-as" "ARCHIVER=mb-ar" "COMPILER_
FLAGS=  -O2 -c -mcpu=v11.0 -mlittle-endian -mno-xl-reorder -mno-xl-soft-mul -mxl-barrel-shift -mxl-pattern-compare" "EXTRA_COMP
ILER_FLAGS=-g -ffunction-sections -fdata-sections -Wall -Wextra -fno-tree-loop-distribute-patterns"

"Running Make libs in microblaze_0/libsrc/standalone_v8_0/src"

make -C microblaze_0/libsrc/standalone_v8_0/src -s libs  "SHELL=CMD" "COMPILER=mb-gcc" "ASSEMBLER=mb-as" "ARCHIVER=mb-ar" "COMP
ILER_FLAGS=  -O2 -c -mcpu=v11.0 -mlittle-endian -mno-xl-reorder -mno-xl-soft-mul -mxl-barrel-shift -mxl-pattern-compare" "EXTRA
_COMPILER_FLAGS=-g -ffunction-sections -fdata-sections -Wall -Wextra -fno-tree-loop-distribute-patterns"

"Running Make libs in microblaze_0/libsrc/uartlite_v3_7/src"

make -C microblaze_0/libsrc/uartlite_v3_7/src -s libs  "SHELL=CMD" "COMPILER=mb-gcc" "ASSEMBLER=mb-as" "ARCHIVER=mb-ar" "COMPIL
ER_FLAGS=  -O2 -c -mcpu=v11.0 -mlittle-endian -mno-xl-reorder -mno-xl-soft-mul -mxl-barrel-shift -mxl-pattern-compare" "EXTRA_C
OMPILER_FLAGS=-g -ffunction-sections -fdata-sections -Wall -Wextra -fno-tree-loop-distribute-patterns"

microblaze_sleep.c:81:9: note: '#pragma message: For the sleep routines, assembly instructions are used'
   81 | #pragma message ("For the sleep routines, assembly instructions are used")
      |         ^~~~~~~
"DEBUG NON_LTO_OBJECTS is ../../../lib/microblaze_interrupt_handler.o"

'Finished building libraries parallelly.'

make --no-print-directory archive

mb-ar -r  microblaze_0/lib/libxil.a microblaze_0/lib/_exit.o microblaze_0/lib/errno.o microblaze_0/lib/fcntl.o microblaze_0/lib
/hw_exception_handler.o microblaze_0/lib/inbyte.o microblaze_0/lib/microblaze_disable_dcache.o microblaze_0/lib/microblaze_disa
ble_exceptions.o microblaze_0/lib/microblaze_disable_icache.o microblaze_0/lib/microblaze_disable_interrupts.o microblaze_0/lib
/microblaze_enable_dcache.o microblaze_0/lib/microblaze_enable_exceptions.o microblaze_0/lib/microblaze_enable_icache.o microbl
aze_0/lib/microblaze_enable_interrupts.o microblaze_0/lib/microblaze_exception_handler.o microblaze_0/lib/microblaze_flush_cach
e_ext.o microblaze_0/lib/microblaze_flush_cache_ext_range.o microblaze_0/lib/microblaze_flush_dcache.o microblaze_0/lib/microbl
aze_flush_dcache_range.o microblaze_0/lib/microblaze_init_dcache_range.o microblaze_0/lib/microblaze_init_icache_range.o microb
laze_0/lib/microblaze_interrupt_handler.o microblaze_0/lib/microblaze_interrupts_g.o microblaze_0/lib/microblaze_invalidate_cac
he_ext.o microblaze_0/lib/microblaze_invalidate_cache_ext_range.o microblaze_0/lib/microblaze_invalidate_dcache.o microblaze_0/
lib/microblaze_invalidate_dcache_range.o microblaze_0/lib/microblaze_invalidate_icache.o microblaze_0/lib/microblaze_invalidate
_icache_range.o microblaze_0/lib/microblaze_scrub.o microblaze_0/lib/microblaze_selftest.o microblaze_0/lib/microblaze_sleep.o 
microblaze_0/lib/microblaze_update_dcache.o microblaze_0/lib/microblaze_update_icache.o microblaze_0/lib/outbyte.o microblaze_0
/lib/print.o microblaze_0/lib/pvr.o microblaze_0/lib/xbram.o microblaze_0/lib/xbram_g.o microblaze_0/lib/xbram_intr.o microblaz
e_0/lib/xbram_selftest.o microblaze_0/lib/xbram_sinit.o microblaze_0/lib/xil_assert.o microblaze_0/lib/xil_cache.o microblaze_0
/lib/xil_clocking.o microblaze_0/lib/xil_exception.o microblaze_0/lib/xil_mem.o microblaze_0/lib/xil_misc_psreset_api.o microbl
aze_0/lib/xil_printf.o microblaze_0/lib/xil_sleepcommon.o microblaze_0/lib/xil_testcache.o microblaze_0/lib/xil_testio.o microb
laze_0/lib/xil_testmem.o microblaze_0/lib/xil_util.o microblaze_0/lib/xintc.o microblaze_0/lib/xintc_g.o microblaze_0/lib/xintc
_intr.o microblaze_0/lib/xintc_l.o microblaze_0/lib/xintc_options.o microblaze_0/lib/xintc_selftest.o microblaze_0/lib/xinterru
pt_wrap.o microblaze_0/lib/xio.o microblaze_0/lib/xplatform_info.o microblaze_0/lib/xuartlite.o microblaze_0/lib/xuartlite_g.o 
microblaze_0/lib/xuartlite_intr.o microblaze_0/lib/xuartlite_l.o microblaze_0/lib/xuartlite_selftest.o microblaze_0/lib/xuartli
te_sinit.o microblaze_0/lib/xuartlite_stats.o

mb-ar: creating microblaze_0/lib/libxil.a
'Finished building libraries'

22:15:52 **** Build of configuration Debug for project Lab7_2 ****
make all 
'Building file: ../src/hdmi_text_controller.c'
'Invoking: MicroBlaze gcc compiler'
mb-gcc -Wall -O0 -g3 -c -fmessage-length=0 -MT"src/hdmi_text_controller.o" -IC:/Users/14435/Desktop/ECE385/lab7_2_workspace/lab7_2_toplevel/export/lab7_2_toplevel/sw/lab7_2_toplevel/standalone_microblaze_0/bspinclude/include -mno-xl-reorder -mlittle-endian -mxl-barrel-shift -mxl-pattern-compare -mcpu=v11.0 -mno-xl-soft-mul -Wl,--no-relax -ffunction-sections -fdata-sections -MMD -MP -MF"src/hdmi_text_controller.d" -MT"src/hdmi_text_controller.o" -o "src/hdmi_text_controller.o" "../src/hdmi_text_controller.c"
In file included from ../src/hdmi_text_controller.h:8,
                 from ../src/hdmi_text_controller.c:4:
C:/Users/14435/Desktop/ECE385/lab7_2_workspace/lab7_2_toplevel/export/lab7_2_toplevel/sw/lab7_2_toplevel/standalone_microblaze_0/bspinclude/include/xparameters.h:574:50: warning: initialization of 'volatile struct TEXT_HDMI_STRUCT *' from 'int' makes pointer from integer without a cast [-Wint-conversion]
  574 | #define XPAR_HDMI_TEXT_CONTROLLER_0_AXI_BASEADDR 0x44A00000
      |                                                  ^~~~~~~~~~
../src/hdmi_text_controller.h:30:54: note: in expansion of macro 'XPAR_HDMI_TEXT_CONTROLLER_0_AXI_BASEADDR'
   30 | static volatile struct TEXT_HDMI_STRUCT* hdmi_ctrl = XPAR_HDMI_TEXT_CONTROLLER_0_AXI_BASEADDR;
      |                                                      ^~~~~~~~~~~~~~~~~~~~~~~~~~~~~~~~~~~~~~~~
../src/hdmi_text_controller.c:101:1: warning: return type defaults to 'int' [-Wimplicit-int]
  101 | hdmiTestWeek2()
      | ^~~~~~~~~~~~~
../src/hdmi_text_controller.c:101:1: warning: conflicting types for 'hdmiTestWeek2'
In file included from ../src/hdmi_text_controller.c:4:
../src/hdmi_text_controller.h:119:6: note: previous declaration of 'hdmiTestWeek2' with type 'void()'
  119 | void hdmiTestWeek2(); //call this for your Week 2 demo
      |      ^~~~~~~~~~~~~
../src/hdmi_text_controller.c: In function 'hdmiTestWeek2':
../src/hdmi_text_controller.c:124:46: warning: format '%x' expects argument of type 'unsigned int', but argument 3 has type 'uint32_t' {aka 'long unsigned int'} [-Wformat=]
  124 |                 printf ("Row: %d, Checksum: %x, Read-back Checksum: %x\n\r", j, checksum[j], readsum[j]);
      |                                             ~^                                  ~~~~~~~~~~~
      |                                              |                                          |
      |                                              unsigned int                               uint32_t {aka long unsigned int}
      |                                             %lx
../src/hdmi_text_controller.c:124:70: warning: format '%x' expects argument of type 'unsigned int', but argument 4 has type 'uint32_t' {aka 'long unsigned int'} [-Wformat=]
  124 |                 printf ("Row: %d, Checksum: %x, Read-back Checksum: %x\n\r", j, checksum[j], readsum[j]);
      |                                                                     ~^                       ~~~~~~~~~~
      |                                                                      |                              |
      |                                                                      unsigned int                   uint32_t {aka long unsigned int}
      |                                                                     %lx
'Finished building: ../src/hdmi_text_controller.c'
' '
'Building file: ../src/main.c'
'Invoking: MicroBlaze gcc compiler'
mb-gcc -Wall -O0 -g3 -c -fmessage-length=0 -MT"src/main.o" -IC:/Users/14435/Desktop/ECE385/lab7_2_workspace/lab7_2_toplevel/export/lab7_2_toplevel/sw/lab7_2_toplevel/standalone_microblaze_0/bspinclude/include -mno-xl-reorder -mlittle-endian -mxl-barrel-shift -mxl-pattern-compare -mcpu=v11.0 -mno-xl-soft-mul -Wl,--no-relax -ffunction-sections -fdata-sections -MMD -MP -MF"src/main.d" -MT"src/main.o" -o "src/main.o" "../src/main.c"
../src/main.c: In function 'main':
../src/main.c:57:5: warning: implicit declaration of function 'hdmiTestWeek2' [-Wimplicit-function-declaration]
   57 |     hdmiTestWeek2();
      |     ^~~~~~~~~~~~~
'Finished building: ../src/main.c'
' '
'Building file: ../src/platform.c'
'Invoking: MicroBlaze gcc compiler'
mb-gcc -Wall -O0 -g3 -c -fmessage-length=0 -MT"src/platform.o" -IC:/Users/14435/Desktop/ECE385/lab7_2_workspace/lab7_2_toplevel/export/lab7_2_toplevel/sw/lab7_2_toplevel/standalone_microblaze_0/bspinclude/include -mno-xl-reorder -mlittle-endian -mxl-barrel-shift -mxl-pattern-compare -mcpu=v11.0 -mno-xl-soft-mul -Wl,--no-relax -ffunction-sections -fdata-sections -MMD -MP -MF"src/platform.d" -MT"src/platform.o" -o "src/platform.o" "../src/platform.c"
'Finished building: ../src/platform.c'
' '
'Building target: Lab7_2.elf'
'Invoking: MicroBlaze gcc linker'
mb-gcc -Wl,-T -Wl,../src/lscript.ld -LC:/Users/14435/Desktop/ECE385/lab7_2_workspace/lab7_2_toplevel/export/lab7_2_toplevel/sw/lab7_2_toplevel/standalone_microblaze_0/bsplib/lib -mlittle-endian -mxl-barrel-shift -mxl-pattern-compare -mcpu=v11.0 -mno-xl-soft-mul -Wl,--no-relax -Wl,--gc-sections -o "Lab7_2.elf"  ./src/hdmi_text_controller.o ./src/main.o ./src/platform.o   -Wl,--start-group,-lxil,-lgcc,-lc,--end-group
'Finished building target: Lab7_2.elf'
' '
'Invoking: MicroBlaze Print Size'
mb-size Lab7_2.elf  |tee "Lab7_2.elf.size"
   text	   data	    bss	    dec	    hex	filename
  85380	   2096	   3172	  90648	  16218	Lab7_2.elf
'Finished building: Lab7_2.elf.size'
' '
22:15:54 **** Build of configuration Debug for project Lab7_2_system ****
make all 
Skipping SD card image generation. Reason: "The system project only has applications for microblaze processors."
22:18:24 **** Clean-only build of configuration Debug for project Lab7_2 ****
make clean 
rm -rf  ./src/hdmi_text_controller.o ./src/main.o ./src/platform.o  ./src/hdmi_text_controller.d ./src/main.d ./src/platform.d  Lab7_2.elf.size  Lab7_2.elf
' '
22:18:24 **** Clean-only build of configuration Debug for project Lab7_2_system ****
make clean 
rm -rf ./_sds
rm -rf package
rm -f system.bif
22:18:24 **** Clean-only build of project lab7_2_toplevel ****
buildplatform.bat 49913 lab7_2_toplevel clean 
xsct% XSDB Server Channel: tcfchan#11
Cleaning the BSP for domain  - standalone_microblaze_0
make -C microblaze_0/libsrc/bram_v4_8/src -s clean 

make -C microblaze_0/libsrc/cpu_v2_16/src -s clean 

make -C microblaze_0/libsrc/intc_v3_15/src -s clean 

make -C microblaze_0/libsrc/standalone_v8_0/src -s clean 

make -C microblaze_0/libsrc/uartlite_v3_7/src -s clean 

rm -f microblaze_0/lib/libxil.a

22:18:32 **** Build of project lab7_2_toplevel ****
buildplatform.bat 49913 lab7_2_toplevel  
XSDB Server Channel: tcfchan#12
C:/Users/14435/Desktop/Vitis/2022.2/gnu/microblaze/nt
Building the BSP Library for domain  - standalone_microblaze_0 on processor microblaze_0
make --no-print-directory seq_libs

'Finished building libraries sequentially.'

make -j 14 --no-print-directory par_libs

"Running Make include in microblaze_0/libsrc/bram_v4_8/src"

make -C microblaze_0/libsrc/bram_v4_8/src -s include  "SHELL=CMD" "COMPILER=mb-gcc" "ASSEMBLER=mb-as" "ARCHIVER=mb-ar" "COMPILE
R_FLAGS=  -O2 -c -mcpu=v11.0 -mlittle-endian -mno-xl-reorder -mno-xl-soft-mul -mxl-barrel-shift -mxl-pattern-compare" "EXTRA_CO
MPILER_FLAGS=-g -ffunction-sections -fdata-sections -Wall -Wextra -fno-tree-loop-distribute-patterns"

"Running Make include in microblaze_0/libsrc/cpu_v2_16/src"

make -C microblaze_0/libsrc/cpu_v2_16/src -s include  "SHELL=CMD" "COMPILER=mb-gcc" "ASSEMBLER=mb-as" "ARCHIVER=mb-ar" "COMPILE
R_FLAGS=  -O2 -c -mcpu=v11.0 -mlittle-endian -mno-xl-reorder -mno-xl-soft-mul -mxl-barrel-shift -mxl-pattern-compare" "EXTRA_CO
MPILER_FLAGS=-g -ffunction-sections -fdata-sections -Wall -Wextra -fno-tree-loop-distribute-patterns"

"Running Make include in microblaze_0/libsrc/intc_v3_15/src"

make -C microblaze_0/libsrc/intc_v3_15/src -s include  "SHELL=CMD" "COMPILER=mb-gcc" "ASSEMBLER=mb-as" "ARCHIVER=mb-ar" "COMPIL
ER_FLAGS=  -O2 -c -mcpu=v11.0 -mlittle-endian -mno-xl-reorder -mno-xl-soft-mul -mxl-barrel-shift -mxl-pattern-compare" "EXTRA_C
OMPILER_FLAGS=-g -ffunction-sections -fdata-sections -Wall -Wextra -fno-tree-loop-distribute-patterns"

"Running Make include in microblaze_0/libsrc/standalone_v8_0/src"

make -C microblaze_0/libsrc/standalone_v8_0/src -s include  "SHELL=CMD" "COMPILER=mb-gcc" "ASSEMBLER=mb-as" "ARCHIVER=mb-ar" "C
OMPILER_FLAGS=  -O2 -c -mcpu=v11.0 -mlittle-endian -mno-xl-reorder -mno-xl-soft-mul -mxl-barrel-shift -mxl-pattern-compare" "EX
TRA_COMPILER_FLAGS=-g -ffunction-sections -fdata-sections -Wall -Wextra -fno-tree-loop-distribute-patterns"

"Running Make include in microblaze_0/libsrc/uartlite_v3_7/src"

make -C microblaze_0/libsrc/uartlite_v3_7/src -s include  "SHELL=CMD" "COMPILER=mb-gcc" "ASSEMBLER=mb-as" "ARCHIVER=mb-ar" "COM
PILER_FLAGS=  -O2 -c -mcpu=v11.0 -mlittle-endian -mno-xl-reorder -mno-xl-soft-mul -mxl-barrel-shift -mxl-pattern-compare" "EXTR
A_COMPILER_FLAGS=-g -ffunction-sections -fdata-sections -Wall -Wextra -fno-tree-loop-distribute-patterns"

"Running Make libs in microblaze_0/libsrc/bram_v4_8/src"

make -C microblaze_0/libsrc/bram_v4_8/src -s libs  "SHELL=CMD" "COMPILER=mb-gcc" "ASSEMBLER=mb-as" "ARCHIVER=mb-ar" "COMPILER_F
LAGS=  -O2 -c -mcpu=v11.0 -mlittle-endian -mno-xl-reorder -mno-xl-soft-mul -mxl-barrel-shift -mxl-pattern-compare" "EXTRA_COMPI
LER_FLAGS=-g -ffunction-sections -fdata-sections -Wall -Wextra -fno-tree-loop-distribute-patterns"

"Running Make libs in microblaze_0/libsrc/cpu_v2_16/src"

make -C microblaze_0/libsrc/cpu_v2_16/src -s libs  "SHELL=CMD" "COMPILER=mb-gcc" "ASSEMBLER=mb-as" "ARCHIVER=mb-ar" "COMPILER_F
LAGS=  -O2 -c -mcpu=v11.0 -mlittle-endian -mno-xl-reorder -mno-xl-soft-mul -mxl-barrel-shift -mxl-pattern-compare" "EXTRA_COMPI
LER_FLAGS=-g -ffunction-sections -fdata-sections -Wall -Wextra -fno-tree-loop-distribute-patterns"

"Running Make libs in microblaze_0/libsrc/intc_v3_15/src"

make -C microblaze_0/libsrc/intc_v3_15/src -s libs  "SHELL=CMD" "COMPILER=mb-gcc" "ASSEMBLER=mb-as" "ARCHIVER=mb-ar" "COMPILER_
FLAGS=  -O2 -c -mcpu=v11.0 -mlittle-endian -mno-xl-reorder -mno-xl-soft-mul -mxl-barrel-shift -mxl-pattern-compare" "EXTRA_COMP
ILER_FLAGS=-g -ffunction-sections -fdata-sections -Wall -Wextra -fno-tree-loop-distribute-patterns"

"Running Make libs in microblaze_0/libsrc/standalone_v8_0/src"

make -C microblaze_0/libsrc/standalone_v8_0/src -s libs  "SHELL=CMD" "COMPILER=mb-gcc" "ASSEMBLER=mb-as" "ARCHIVER=mb-ar" "COMP
ILER_FLAGS=  -O2 -c -mcpu=v11.0 -mlittle-endian -mno-xl-reorder -mno-xl-soft-mul -mxl-barrel-shift -mxl-pattern-compare" "EXTRA
_COMPILER_FLAGS=-g -ffunction-sections -fdata-sections -Wall -Wextra -fno-tree-loop-distribute-patterns"

"Running Make libs in microblaze_0/libsrc/uartlite_v3_7/src"

make -C microblaze_0/libsrc/uartlite_v3_7/src -s libs  "SHELL=CMD" "COMPILER=mb-gcc" "ASSEMBLER=mb-as" "ARCHIVER=mb-ar" "COMPIL
ER_FLAGS=  -O2 -c -mcpu=v11.0 -mlittle-endian -mno-xl-reorder -mno-xl-soft-mul -mxl-barrel-shift -mxl-pattern-compare" "EXTRA_C
OMPILER_FLAGS=-g -ffunction-sections -fdata-sections -Wall -Wextra -fno-tree-loop-distribute-patterns"

microblaze_sleep.c:81:9: note: '#pragma message: For the sleep routines, assembly instructions are used'
   81 | #pragma message ("For the sleep routines, assembly instructions are used")
      |         ^~~~~~~
"DEBUG NON_LTO_OBJECTS is ../../../lib/microblaze_interrupt_handler.o"

'Finished building libraries parallelly.'

make --no-print-directory archive

mb-ar -r  microblaze_0/lib/libxil.a microblaze_0/lib/_exit.o microblaze_0/lib/errno.o microblaze_0/lib/fcntl.o microblaze_0/lib
/hw_exception_handler.o microblaze_0/lib/inbyte.o microblaze_0/lib/microblaze_disable_dcache.o microblaze_0/lib/microblaze_disa
ble_exceptions.o microblaze_0/lib/microblaze_disable_icache.o microblaze_0/lib/microblaze_disable_interrupts.o microblaze_0/lib
/microblaze_enable_dcache.o microblaze_0/lib/microblaze_enable_exceptions.o microblaze_0/lib/microblaze_enable_icache.o microbl
aze_0/lib/microblaze_enable_interrupts.o microblaze_0/lib/microblaze_exception_handler.o microblaze_0/lib/microblaze_flush_cach
e_ext.o microblaze_0/lib/microblaze_flush_cache_ext_range.o microblaze_0/lib/microblaze_flush_dcache.o microblaze_0/lib/microbl
aze_flush_dcache_range.o microblaze_0/lib/microblaze_init_dcache_range.o microblaze_0/lib/microblaze_init_icache_range.o microb
laze_0/lib/microblaze_interrupt_handler.o microblaze_0/lib/microblaze_interrupts_g.o microblaze_0/lib/microblaze_invalidate_cac
he_ext.o microblaze_0/lib/microblaze_invalidate_cache_ext_range.o microblaze_0/lib/microblaze_invalidate_dcache.o microblaze_0/
lib/microblaze_invalidate_dcache_range.o microblaze_0/lib/microblaze_invalidate_icache.o microblaze_0/lib/microblaze_invalidate
_icache_range.o microblaze_0/lib/microblaze_scrub.o microblaze_0/lib/microblaze_selftest.o microblaze_0/lib/microblaze_sleep.o 
microblaze_0/lib/microblaze_update_dcache.o microblaze_0/lib/microblaze_update_icache.o microblaze_0/lib/outbyte.o microblaze_0
/lib/print.o microblaze_0/lib/pvr.o microblaze_0/lib/xbram.o microblaze_0/lib/xbram_g.o microblaze_0/lib/xbram_intr.o microblaz
e_0/lib/xbram_selftest.o microblaze_0/lib/xbram_sinit.o microblaze_0/lib/xil_assert.o microblaze_0/lib/xil_cache.o microblaze_0
/lib/xil_clocking.o microblaze_0/lib/xil_exception.o microblaze_0/lib/xil_mem.o microblaze_0/lib/xil_misc_psreset_api.o microbl
aze_0/lib/xil_printf.o microblaze_0/lib/xil_sleepcommon.o microblaze_0/lib/xil_testcache.o microblaze_0/lib/xil_testio.o microb
laze_0/lib/xil_testmem.o microblaze_0/lib/xil_util.o microblaze_0/lib/xintc.o microblaze_0/lib/xintc_g.o microblaze_0/lib/xintc
_intr.o microblaze_0/lib/xintc_l.o microblaze_0/lib/xintc_options.o microblaze_0/lib/xintc_selftest.o microblaze_0/lib/xinterru
pt_wrap.o microblaze_0/lib/xio.o microblaze_0/lib/xplatform_info.o microblaze_0/lib/xuartlite.o microblaze_0/lib/xuartlite_g.o 
microblaze_0/lib/xuartlite_intr.o microblaze_0/lib/xuartlite_l.o microblaze_0/lib/xuartlite_selftest.o microblaze_0/lib/xuartli
te_sinit.o microblaze_0/lib/xuartlite_stats.o

mb-ar: creating microblaze_0/lib/libxil.a
'Finished building libraries'

22:18:39 **** Build of configuration Debug for project Lab7_2 ****
make all 
'Building file: ../src/hdmi_text_controller.c'
'Invoking: MicroBlaze gcc compiler'
mb-gcc -Wall -O0 -g3 -c -fmessage-length=0 -MT"src/hdmi_text_controller.o" -IC:/Users/14435/Desktop/ECE385/lab7_2_workspace/lab7_2_toplevel/export/lab7_2_toplevel/sw/lab7_2_toplevel/standalone_microblaze_0/bspinclude/include -mno-xl-reorder -mlittle-endian -mxl-barrel-shift -mxl-pattern-compare -mcpu=v11.0 -mno-xl-soft-mul -Wl,--no-relax -ffunction-sections -fdata-sections -MMD -MP -MF"src/hdmi_text_controller.d" -MT"src/hdmi_text_controller.o" -o "src/hdmi_text_controller.o" "../src/hdmi_text_controller.c"
In file included from ../src/hdmi_text_controller.h:8,
                 from ../src/hdmi_text_controller.c:4:
C:/Users/14435/Desktop/ECE385/lab7_2_workspace/lab7_2_toplevel/export/lab7_2_toplevel/sw/lab7_2_toplevel/standalone_microblaze_0/bspinclude/include/xparameters.h:574:50: warning: initialization of 'volatile struct TEXT_HDMI_STRUCT *' from 'int' makes pointer from integer without a cast [-Wint-conversion]
  574 | #define XPAR_HDMI_TEXT_CONTROLLER_0_AXI_BASEADDR 0x44A00000
      |                                                  ^~~~~~~~~~
../src/hdmi_text_controller.h:30:54: note: in expansion of macro 'XPAR_HDMI_TEXT_CONTROLLER_0_AXI_BASEADDR'
   30 | static volatile struct TEXT_HDMI_STRUCT* hdmi_ctrl = XPAR_HDMI_TEXT_CONTROLLER_0_AXI_BASEADDR;
      |                                                      ^~~~~~~~~~~~~~~~~~~~~~~~~~~~~~~~~~~~~~~~
../src/hdmi_text_controller.c:101:1: warning: return type defaults to 'int' [-Wimplicit-int]
  101 | hdmiTestWeek2()
      | ^~~~~~~~~~~~~
../src/hdmi_text_controller.c:101:1: warning: conflicting types for 'hdmiTestWeek2'
In file included from ../src/hdmi_text_controller.c:4:
../src/hdmi_text_controller.h:119:6: note: previous declaration of 'hdmiTestWeek2' with type 'void()'
  119 | void hdmiTestWeek2(); //call this for your Week 2 demo
      |      ^~~~~~~~~~~~~
../src/hdmi_text_controller.c: In function 'hdmiTestWeek2':
../src/hdmi_text_controller.c:124:46: warning: format '%x' expects argument of type 'unsigned int', but argument 3 has type 'uint32_t' {aka 'long unsigned int'} [-Wformat=]
  124 |                 printf ("Row: %d, Checksum: %x, Read-back Checksum: %x\n\r", j, checksum[j], readsum[j]);
      |                                             ~^                                  ~~~~~~~~~~~
      |                                              |                                          |
      |                                              unsigned int                               uint32_t {aka long unsigned int}
      |                                             %lx
../src/hdmi_text_controller.c:124:70: warning: format '%x' expects argument of type 'unsigned int', but argument 4 has type 'uint32_t' {aka 'long unsigned int'} [-Wformat=]
  124 |                 printf ("Row: %d, Checksum: %x, Read-back Checksum: %x\n\r", j, checksum[j], readsum[j]);
      |                                                                     ~^                       ~~~~~~~~~~
      |                                                                      |                              |
      |                                                                      unsigned int                   uint32_t {aka long unsigned int}
      |                                                                     %lx
'Finished building: ../src/hdmi_text_controller.c'
' '
'Building file: ../src/main.c'
'Invoking: MicroBlaze gcc compiler'
mb-gcc -Wall -O0 -g3 -c -fmessage-length=0 -MT"src/main.o" -IC:/Users/14435/Desktop/ECE385/lab7_2_workspace/lab7_2_toplevel/export/lab7_2_toplevel/sw/lab7_2_toplevel/standalone_microblaze_0/bspinclude/include -mno-xl-reorder -mlittle-endian -mxl-barrel-shift -mxl-pattern-compare -mcpu=v11.0 -mno-xl-soft-mul -Wl,--no-relax -ffunction-sections -fdata-sections -MMD -MP -MF"src/main.d" -MT"src/main.o" -o "src/main.o" "../src/main.c"
../src/main.c: In function 'main':
../src/main.c:57:5: warning: implicit declaration of function 'hdmiTestWeek2' [-Wimplicit-function-declaration]
   57 |     hdmiTestWeek2();
      |     ^~~~~~~~~~~~~
'Finished building: ../src/main.c'
' '
'Building file: ../src/platform.c'
'Invoking: MicroBlaze gcc compiler'
mb-gcc -Wall -O0 -g3 -c -fmessage-length=0 -MT"src/platform.o" -IC:/Users/14435/Desktop/ECE385/lab7_2_workspace/lab7_2_toplevel/export/lab7_2_toplevel/sw/lab7_2_toplevel/standalone_microblaze_0/bspinclude/include -mno-xl-reorder -mlittle-endian -mxl-barrel-shift -mxl-pattern-compare -mcpu=v11.0 -mno-xl-soft-mul -Wl,--no-relax -ffunction-sections -fdata-sections -MMD -MP -MF"src/platform.d" -MT"src/platform.o" -o "src/platform.o" "../src/platform.c"
'Finished building: ../src/platform.c'
' '
'Building target: Lab7_2.elf'
'Invoking: MicroBlaze gcc linker'
mb-gcc -Wl,-T -Wl,../src/lscript.ld -LC:/Users/14435/Desktop/ECE385/lab7_2_workspace/lab7_2_toplevel/export/lab7_2_toplevel/sw/lab7_2_toplevel/standalone_microblaze_0/bsplib/lib -mlittle-endian -mxl-barrel-shift -mxl-pattern-compare -mcpu=v11.0 -mno-xl-soft-mul -Wl,--no-relax -Wl,--gc-sections -o "Lab7_2.elf"  ./src/hdmi_text_controller.o ./src/main.o ./src/platform.o   -Wl,--start-group,-lxil,-lgcc,-lc,--end-group
'Finished building target: Lab7_2.elf'
' '
'Invoking: MicroBlaze Print Size'
mb-size Lab7_2.elf  |tee "Lab7_2.elf.size"
   text	   data	    bss	    dec	    hex	filename
  85380	   2096	   3172	  90648	  16218	Lab7_2.elf
'Finished building: Lab7_2.elf.size'
' '
22:18:41 **** Build of configuration Debug for project Lab7_2_system ****
make all 
Skipping SD card image generation. Reason: "The system project only has applications for microblaze processors."
22:58:52 **** Clean-only build of configuration Debug for project Lab7_2 ****
make clean 
rm -rf  ./src/hdmi_text_controller.o ./src/main.o ./src/platform.o  ./src/hdmi_text_controller.d ./src/main.d ./src/platform.d  Lab7_2.elf.size  Lab7_2.elf
' '
22:58:52 **** Clean-only build of configuration Debug for project Lab7_2_system ****
make clean 
rm -rf ./_sds
rm -rf package
rm -f system.bif
22:58:52 **** Clean-only build of project lab7_2_toplevel ****
buildplatform.bat 49913 lab7_2_toplevel clean 
XSDB Server Channel: tcfchan#14
Cleaning the BSP for domain  - standalone_microblaze_0
make -C microblaze_0/libsrc/bram_v4_8/src -s clean 

make -C microblaze_0/libsrc/cpu_v2_16/src -s clean 

make -C microblaze_0/libsrc/intc_v3_15/src -s clean 

make -C microblaze_0/libsrc/standalone_v8_0/src -s clean 

make -C microblaze_0/libsrc/uartlite_v3_7/src -s clean 

rm -f microblaze_0/lib/libxil.a

22:59:06 **** Build of project lab7_2_toplevel ****
buildplatform.bat 49913 lab7_2_toplevel  
XSDB Server Channel: tcfchan#15
C:/Users/14435/Desktop/Vitis/2022.2/gnu/microblaze/nt
Building the BSP Library for domain  - standalone_microblaze_0 on processor microblaze_0
make --no-print-directory seq_libs

'Finished building libraries sequentially.'

make -j 14 --no-print-directory par_libs

"Running Make include in microblaze_0/libsrc/bram_v4_8/src"

make -C microblaze_0/libsrc/bram_v4_8/src -s include  "SHELL=CMD" "COMPILER=mb-gcc" "ASSEMBLER=mb-as" "ARCHIVER=mb-ar" "COMPILE
R_FLAGS=  -O2 -c -mcpu=v11.0 -mlittle-endian -mno-xl-reorder -mno-xl-soft-mul -mxl-barrel-shift -mxl-pattern-compare" "EXTRA_CO
MPILER_FLAGS=-g -ffunction-sections -fdata-sections -Wall -Wextra -fno-tree-loop-distribute-patterns"

"Running Make include in microblaze_0/libsrc/cpu_v2_16/src"

make -C microblaze_0/libsrc/cpu_v2_16/src -s include  "SHELL=CMD" "COMPILER=mb-gcc" "ASSEMBLER=mb-as" "ARCHIVER=mb-ar" "COMPILE
R_FLAGS=  -O2 -c -mcpu=v11.0 -mlittle-endian -mno-xl-reorder -mno-xl-soft-mul -mxl-barrel-shift -mxl-pattern-compare" "EXTRA_CO
MPILER_FLAGS=-g -ffunction-sections -fdata-sections -Wall -Wextra -fno-tree-loop-distribute-patterns"

"Running Make include in microblaze_0/libsrc/intc_v3_15/src"

make -C microblaze_0/libsrc/intc_v3_15/src -s include  "SHELL=CMD" "COMPILER=mb-gcc" "ASSEMBLER=mb-as" "ARCHIVER=mb-ar" "COMPIL
ER_FLAGS=  -O2 -c -mcpu=v11.0 -mlittle-endian -mno-xl-reorder -mno-xl-soft-mul -mxl-barrel-shift -mxl-pattern-compare" "EXTRA_C
OMPILER_FLAGS=-g -ffunction-sections -fdata-sections -Wall -Wextra -fno-tree-loop-distribute-patterns"

"Running Make include in microblaze_0/libsrc/standalone_v8_0/src"

make -C microblaze_0/libsrc/standalone_v8_0/src -s include  "SHELL=CMD" "COMPILER=mb-gcc" "ASSEMBLER=mb-as" "ARCHIVER=mb-ar" "C
OMPILER_FLAGS=  -O2 -c -mcpu=v11.0 -mlittle-endian -mno-xl-reorder -mno-xl-soft-mul -mxl-barrel-shift -mxl-pattern-compare" "EX
TRA_COMPILER_FLAGS=-g -ffunction-sections -fdata-sections -Wall -Wextra -fno-tree-loop-distribute-patterns"

"Running Make include in microblaze_0/libsrc/uartlite_v3_7/src"

make -C microblaze_0/libsrc/uartlite_v3_7/src -s include  "SHELL=CMD" "COMPILER=mb-gcc" "ASSEMBLER=mb-as" "ARCHIVER=mb-ar" "COM
PILER_FLAGS=  -O2 -c -mcpu=v11.0 -mlittle-endian -mno-xl-reorder -mno-xl-soft-mul -mxl-barrel-shift -mxl-pattern-compare" "EXTR
A_COMPILER_FLAGS=-g -ffunction-sections -fdata-sections -Wall -Wextra -fno-tree-loop-distribute-patterns"

"Running Make libs in microblaze_0/libsrc/bram_v4_8/src"

make -C microblaze_0/libsrc/bram_v4_8/src -s libs  "SHELL=CMD" "COMPILER=mb-gcc" "ASSEMBLER=mb-as" "ARCHIVER=mb-ar" "COMPILER_F
LAGS=  -O2 -c -mcpu=v11.0 -mlittle-endian -mno-xl-reorder -mno-xl-soft-mul -mxl-barrel-shift -mxl-pattern-compare" "EXTRA_COMPI
LER_FLAGS=-g -ffunction-sections -fdata-sections -Wall -Wextra -fno-tree-loop-distribute-patterns"

"Running Make libs in microblaze_0/libsrc/cpu_v2_16/src"

make -C microblaze_0/libsrc/cpu_v2_16/src -s libs  "SHELL=CMD" "COMPILER=mb-gcc" "ASSEMBLER=mb-as" "ARCHIVER=mb-ar" "COMPILER_F
LAGS=  -O2 -c -mcpu=v11.0 -mlittle-endian -mno-xl-reorder -mno-xl-soft-mul -mxl-barrel-shift -mxl-pattern-compare" "EXTRA_COMPI
LER_FLAGS=-g -ffunction-sections -fdata-sections -Wall -Wextra -fno-tree-loop-distribute-patterns"

"Running Make libs in microblaze_0/libsrc/intc_v3_15/src"

make -C microblaze_0/libsrc/intc_v3_15/src -s libs  "SHELL=CMD" "COMPILER=mb-gcc" "ASSEMBLER=mb-as" "ARCHIVER=mb-ar" "COMPILER_
FLAGS=  -O2 -c -mcpu=v11.0 -mlittle-endian -mno-xl-reorder -mno-xl-soft-mul -mxl-barrel-shift -mxl-pattern-compare" "EXTRA_COMP
ILER_FLAGS=-g -ffunction-sections -fdata-sections -Wall -Wextra -fno-tree-loop-distribute-patterns"

"Running Make libs in microblaze_0/libsrc/standalone_v8_0/src"

make -C microblaze_0/libsrc/standalone_v8_0/src -s libs  "SHELL=CMD" "COMPILER=mb-gcc" "ASSEMBLER=mb-as" "ARCHIVER=mb-ar" "COMP
ILER_FLAGS=  -O2 -c -mcpu=v11.0 -mlittle-endian -mno-xl-reorder -mno-xl-soft-mul -mxl-barrel-shift -mxl-pattern-compare" "EXTRA
_COMPILER_FLAGS=-g -ffunction-sections -fdata-sections -Wall -Wextra -fno-tree-loop-distribute-patterns"

"Running Make libs in microblaze_0/libsrc/uartlite_v3_7/src"

make -C microblaze_0/libsrc/uartlite_v3_7/src -s libs  "SHELL=CMD" "COMPILER=mb-gcc" "ASSEMBLER=mb-as" "ARCHIVER=mb-ar" "COMPIL
ER_FLAGS=  -O2 -c -mcpu=v11.0 -mlittle-endian -mno-xl-reorder -mno-xl-soft-mul -mxl-barrel-shift -mxl-pattern-compare" "EXTRA_C
OMPILER_FLAGS=-g -ffunction-sections -fdata-sections -Wall -Wextra -fno-tree-loop-distribute-patterns"

microblaze_sleep.c:81:9: note: '#pragma message: For the sleep routines, assembly instructions are used'
   81 | #pragma message ("For the sleep routines, assembly instructions are used")
      |         ^~~~~~~
"DEBUG NON_LTO_OBJECTS is ../../../lib/microblaze_interrupt_handler.o"

'Finished building libraries parallelly.'

make --no-print-directory archive

mb-ar -r  microblaze_0/lib/libxil.a microblaze_0/lib/_exit.o microblaze_0/lib/errno.o microblaze_0/lib/fcntl.o microblaze_0/lib
/hw_exception_handler.o microblaze_0/lib/inbyte.o microblaze_0/lib/microblaze_disable_dcache.o microblaze_0/lib/microblaze_disa
ble_exceptions.o microblaze_0/lib/microblaze_disable_icache.o microblaze_0/lib/microblaze_disable_interrupts.o microblaze_0/lib
/microblaze_enable_dcache.o microblaze_0/lib/microblaze_enable_exceptions.o microblaze_0/lib/microblaze_enable_icache.o microbl
aze_0/lib/microblaze_enable_interrupts.o microblaze_0/lib/microblaze_exception_handler.o microblaze_0/lib/microblaze_flush_cach
e_ext.o microblaze_0/lib/microblaze_flush_cache_ext_range.o microblaze_0/lib/microblaze_flush_dcache.o microblaze_0/lib/microbl
aze_flush_dcache_range.o microblaze_0/lib/microblaze_init_dcache_range.o microblaze_0/lib/microblaze_init_icache_range.o microb
laze_0/lib/microblaze_interrupt_handler.o microblaze_0/lib/microblaze_interrupts_g.o microblaze_0/lib/microblaze_invalidate_cac
he_ext.o microblaze_0/lib/microblaze_invalidate_cache_ext_range.o microblaze_0/lib/microblaze_invalidate_dcache.o microblaze_0/
lib/microblaze_invalidate_dcache_range.o microblaze_0/lib/microblaze_invalidate_icache.o microblaze_0/lib/microblaze_invalidate
_icache_range.o microblaze_0/lib/microblaze_scrub.o microblaze_0/lib/microblaze_selftest.o microblaze_0/lib/microblaze_sleep.o 
microblaze_0/lib/microblaze_update_dcache.o microblaze_0/lib/microblaze_update_icache.o microblaze_0/lib/outbyte.o microblaze_0
/lib/print.o microblaze_0/lib/pvr.o microblaze_0/lib/xbram.o microblaze_0/lib/xbram_g.o microblaze_0/lib/xbram_intr.o microblaz
e_0/lib/xbram_selftest.o microblaze_0/lib/xbram_sinit.o microblaze_0/lib/xil_assert.o microblaze_0/lib/xil_cache.o microblaze_0
/lib/xil_clocking.o microblaze_0/lib/xil_exception.o microblaze_0/lib/xil_mem.o microblaze_0/lib/xil_misc_psreset_api.o microbl
aze_0/lib/xil_printf.o microblaze_0/lib/xil_sleepcommon.o microblaze_0/lib/xil_testcache.o microblaze_0/lib/xil_testio.o microb
laze_0/lib/xil_testmem.o microblaze_0/lib/xil_util.o microblaze_0/lib/xintc.o microblaze_0/lib/xintc_g.o microblaze_0/lib/xintc
_intr.o microblaze_0/lib/xintc_l.o microblaze_0/lib/xintc_options.o microblaze_0/lib/xintc_selftest.o microblaze_0/lib/xinterru
pt_wrap.o microblaze_0/lib/xio.o microblaze_0/lib/xplatform_info.o microblaze_0/lib/xuartlite.o microblaze_0/lib/xuartlite_g.o 
microblaze_0/lib/xuartlite_intr.o microblaze_0/lib/xuartlite_l.o microblaze_0/lib/xuartlite_selftest.o microblaze_0/lib/xuartli
te_sinit.o microblaze_0/lib/xuartlite_stats.o

mb-ar: creating microblaze_0/lib/libxil.a
'Finished building libraries'

22:59:15 **** Build of configuration Debug for project Lab7_2 ****
make all 
'Building file: ../src/hdmi_text_controller.c'
'Invoking: MicroBlaze gcc compiler'
mb-gcc -Wall -O0 -g3 -c -fmessage-length=0 -MT"src/hdmi_text_controller.o" -IC:/Users/14435/Desktop/ECE385/lab7_2_workspace/lab7_2_toplevel/export/lab7_2_toplevel/sw/lab7_2_toplevel/standalone_microblaze_0/bspinclude/include -mno-xl-reorder -mlittle-endian -mxl-barrel-shift -mxl-pattern-compare -mcpu=v11.0 -mno-xl-soft-mul -Wl,--no-relax -ffunction-sections -fdata-sections -MMD -MP -MF"src/hdmi_text_controller.d" -MT"src/hdmi_text_controller.o" -o "src/hdmi_text_controller.o" "../src/hdmi_text_controller.c"
In file included from ../src/hdmi_text_controller.h:8,
                 from ../src/hdmi_text_controller.c:4:
C:/Users/14435/Desktop/ECE385/lab7_2_workspace/lab7_2_toplevel/export/lab7_2_toplevel/sw/lab7_2_toplevel/standalone_microblaze_0/bspinclude/include/xparameters.h:574:50: warning: initialization of 'volatile struct TEXT_HDMI_STRUCT *' from 'int' makes pointer from integer without a cast [-Wint-conversion]
  574 | #define XPAR_HDMI_TEXT_CONTROLLER_0_AXI_BASEADDR 0x44A00000
      |                                                  ^~~~~~~~~~
../src/hdmi_text_controller.h:30:54: note: in expansion of macro 'XPAR_HDMI_TEXT_CONTROLLER_0_AXI_BASEADDR'
   30 | static volatile struct TEXT_HDMI_STRUCT* hdmi_ctrl = XPAR_HDMI_TEXT_CONTROLLER_0_AXI_BASEADDR;
      |                                                      ^~~~~~~~~~~~~~~~~~~~~~~~~~~~~~~~~~~~~~~~
../src/hdmi_text_controller.c:101:1: warning: return type defaults to 'int' [-Wimplicit-int]
  101 | hdmiTestWeek2()
      | ^~~~~~~~~~~~~
../src/hdmi_text_controller.c:101:1: warning: conflicting types for 'hdmiTestWeek2'
In file included from ../src/hdmi_text_controller.c:4:
../src/hdmi_text_controller.h:119:6: note: previous declaration of 'hdmiTestWeek2' with type 'void()'
  119 | void hdmiTestWeek2(); //call this for your Week 2 demo
      |      ^~~~~~~~~~~~~
../src/hdmi_text_controller.c: In function 'hdmiTestWeek2':
../src/hdmi_text_controller.c:124:46: warning: format '%x' expects argument of type 'unsigned int', but argument 3 has type 'uint32_t' {aka 'long unsigned int'} [-Wformat=]
  124 |                 printf ("Row: %d, Checksum: %x, Read-back Checksum: %x\n\r", j, checksum[j], readsum[j]);
      |                                             ~^                                  ~~~~~~~~~~~
      |                                              |                                          |
      |                                              unsigned int                               uint32_t {aka long unsigned int}
      |                                             %lx
../src/hdmi_text_controller.c:124:70: warning: format '%x' expects argument of type 'unsigned int', but argument 4 has type 'uint32_t' {aka 'long unsigned int'} [-Wformat=]
  124 |                 printf ("Row: %d, Checksum: %x, Read-back Checksum: %x\n\r", j, checksum[j], readsum[j]);
      |                                                                     ~^                       ~~~~~~~~~~
      |                                                                      |                              |
      |                                                                      unsigned int                   uint32_t {aka long unsigned int}
      |                                                                     %lx
'Finished building: ../src/hdmi_text_controller.c'
' '
'Building file: ../src/main.c'
'Invoking: MicroBlaze gcc compiler'
mb-gcc -Wall -O0 -g3 -c -fmessage-length=0 -MT"src/main.o" -IC:/Users/14435/Desktop/ECE385/lab7_2_workspace/lab7_2_toplevel/export/lab7_2_toplevel/sw/lab7_2_toplevel/standalone_microblaze_0/bspinclude/include -mno-xl-reorder -mlittle-endian -mxl-barrel-shift -mxl-pattern-compare -mcpu=v11.0 -mno-xl-soft-mul -Wl,--no-relax -ffunction-sections -fdata-sections -MMD -MP -MF"src/main.d" -MT"src/main.o" -o "src/main.o" "../src/main.c"
../src/main.c: In function 'main':
../src/main.c:57:5: warning: implicit declaration of function 'hdmiTestWeek2' [-Wimplicit-function-declaration]
   57 |     hdmiTestWeek2();
      |     ^~~~~~~~~~~~~
'Finished building: ../src/main.c'
' '
'Building file: ../src/platform.c'
'Invoking: MicroBlaze gcc compiler'
mb-gcc -Wall -O0 -g3 -c -fmessage-length=0 -MT"src/platform.o" -IC:/Users/14435/Desktop/ECE385/lab7_2_workspace/lab7_2_toplevel/export/lab7_2_toplevel/sw/lab7_2_toplevel/standalone_microblaze_0/bspinclude/include -mno-xl-reorder -mlittle-endian -mxl-barrel-shift -mxl-pattern-compare -mcpu=v11.0 -mno-xl-soft-mul -Wl,--no-relax -ffunction-sections -fdata-sections -MMD -MP -MF"src/platform.d" -MT"src/platform.o" -o "src/platform.o" "../src/platform.c"
'Finished building: ../src/platform.c'
' '
'Building target: Lab7_2.elf'
'Invoking: MicroBlaze gcc linker'
mb-gcc -Wl,-T -Wl,../src/lscript.ld -LC:/Users/14435/Desktop/ECE385/lab7_2_workspace/lab7_2_toplevel/export/lab7_2_toplevel/sw/lab7_2_toplevel/standalone_microblaze_0/bsplib/lib -mlittle-endian -mxl-barrel-shift -mxl-pattern-compare -mcpu=v11.0 -mno-xl-soft-mul -Wl,--no-relax -Wl,--gc-sections -o "Lab7_2.elf"  ./src/hdmi_text_controller.o ./src/main.o ./src/platform.o   -Wl,--start-group,-lxil,-lgcc,-lc,--end-group
'Finished building target: Lab7_2.elf'
' '
'Invoking: MicroBlaze Print Size'
mb-size Lab7_2.elf  |tee "Lab7_2.elf.size"
   text	   data	    bss	    dec	    hex	filename
  85380	   2096	   3172	  90648	  16218	Lab7_2.elf
'Finished building: Lab7_2.elf.size'
' '
22:59:17 **** Build of configuration Debug for project Lab7_2_system ****
make all 
Skipping SD card image generation. Reason: "The system project only has applications for microblaze processors."
23:36:43 **** Clean-only build of configuration Debug for project Lab7_2 ****
make clean 
rm -rf  ./src/hdmi_text_controller.o ./src/main.o ./src/platform.o  ./src/hdmi_text_controller.d ./src/main.d ./src/platform.d  Lab7_2.elf.size  Lab7_2.elf
' '
23:36:44 **** Clean-only build of configuration Debug for project Lab7_2_system ****
make clean 
rm -rf ./_sds
rm -rf package
rm -f system.bif
23:36:44 **** Clean-only build of project lab7_2_toplevel ****
buildplatform.bat 49913 lab7_2_toplevel clean 
xsct% XSDB Server Channel: tcfchan#16
Cleaning the BSP for domain  - standalone_microblaze_0
make -C microblaze_0/libsrc/bram_v4_8/src -s clean 

make -C microblaze_0/libsrc/cpu_v2_16/src -s clean 

make -C microblaze_0/libsrc/intc_v3_15/src -s clean 

make -C microblaze_0/libsrc/standalone_v8_0/src -s clean 

make -C microblaze_0/libsrc/uartlite_v3_7/src -s clean 

rm -f microblaze_0/lib/libxil.a

23:37:37 **** Build of project lab7_2_toplevel ****
buildplatform.bat 49913 lab7_2_toplevel  
XSDB Server Channel: tcfchan#17
C:/Users/14435/Desktop/Vitis/2022.2/gnu/microblaze/nt
Building the BSP Library for domain  - standalone_microblaze_0 on processor microblaze_0
make --no-print-directory seq_libs

'Finished building libraries sequentially.'

make -j 14 --no-print-directory par_libs

"Running Make include in microblaze_0/libsrc/bram_v4_8/src"

make -C microblaze_0/libsrc/bram_v4_8/src -s include  "SHELL=CMD" "COMPILER=mb-gcc" "ASSEMBLER=mb-as" "ARCHIVER=mb-ar" "COMPILE
R_FLAGS=  -O2 -c -mcpu=v11.0 -mlittle-endian -mno-xl-reorder -mno-xl-soft-mul -mxl-barrel-shift -mxl-pattern-compare" "EXTRA_CO
MPILER_FLAGS=-g -ffunction-sections -fdata-sections -Wall -Wextra -fno-tree-loop-distribute-patterns"

"Running Make include in microblaze_0/libsrc/cpu_v2_16/src"

make -C microblaze_0/libsrc/cpu_v2_16/src -s include  "SHELL=CMD" "COMPILER=mb-gcc" "ASSEMBLER=mb-as" "ARCHIVER=mb-ar" "COMPILE
R_FLAGS=  -O2 -c -mcpu=v11.0 -mlittle-endian -mno-xl-reorder -mno-xl-soft-mul -mxl-barrel-shift -mxl-pattern-compare" "EXTRA_CO
MPILER_FLAGS=-g -ffunction-sections -fdata-sections -Wall -Wextra -fno-tree-loop-distribute-patterns"

"Running Make include in microblaze_0/libsrc/intc_v3_15/src"

make -C microblaze_0/libsrc/intc_v3_15/src -s include  "SHELL=CMD" "COMPILER=mb-gcc" "ASSEMBLER=mb-as" "ARCHIVER=mb-ar" "COMPIL
ER_FLAGS=  -O2 -c -mcpu=v11.0 -mlittle-endian -mno-xl-reorder -mno-xl-soft-mul -mxl-barrel-shift -mxl-pattern-compare" "EXTRA_C
OMPILER_FLAGS=-g -ffunction-sections -fdata-sections -Wall -Wextra -fno-tree-loop-distribute-patterns"

"Running Make include in microblaze_0/libsrc/standalone_v8_0/src"

make -C microblaze_0/libsrc/standalone_v8_0/src -s include  "SHELL=CMD" "COMPILER=mb-gcc" "ASSEMBLER=mb-as" "ARCHIVER=mb-ar" "C
OMPILER_FLAGS=  -O2 -c -mcpu=v11.0 -mlittle-endian -mno-xl-reorder -mno-xl-soft-mul -mxl-barrel-shift -mxl-pattern-compare" "EX
TRA_COMPILER_FLAGS=-g -ffunction-sections -fdata-sections -Wall -Wextra -fno-tree-loop-distribute-patterns"

"Running Make include in microblaze_0/libsrc/uartlite_v3_7/src"

make -C microblaze_0/libsrc/uartlite_v3_7/src -s include  "SHELL=CMD" "COMPILER=mb-gcc" "ASSEMBLER=mb-as" "ARCHIVER=mb-ar" "COM
PILER_FLAGS=  -O2 -c -mcpu=v11.0 -mlittle-endian -mno-xl-reorder -mno-xl-soft-mul -mxl-barrel-shift -mxl-pattern-compare" "EXTR
A_COMPILER_FLAGS=-g -ffunction-sections -fdata-sections -Wall -Wextra -fno-tree-loop-distribute-patterns"

"Running Make libs in microblaze_0/libsrc/bram_v4_8/src"

make -C microblaze_0/libsrc/bram_v4_8/src -s libs  "SHELL=CMD" "COMPILER=mb-gcc" "ASSEMBLER=mb-as" "ARCHIVER=mb-ar" "COMPILER_F
LAGS=  -O2 -c -mcpu=v11.0 -mlittle-endian -mno-xl-reorder -mno-xl-soft-mul -mxl-barrel-shift -mxl-pattern-compare" "EXTRA_COMPI
LER_FLAGS=-g -ffunction-sections -fdata-sections -Wall -Wextra -fno-tree-loop-distribute-patterns"

"Running Make libs in microblaze_0/libsrc/cpu_v2_16/src"

make -C microblaze_0/libsrc/cpu_v2_16/src -s libs  "SHELL=CMD" "COMPILER=mb-gcc" "ASSEMBLER=mb-as" "ARCHIVER=mb-ar" "COMPILER_F
LAGS=  -O2 -c -mcpu=v11.0 -mlittle-endian -mno-xl-reorder -mno-xl-soft-mul -mxl-barrel-shift -mxl-pattern-compare" "EXTRA_COMPI
LER_FLAGS=-g -ffunction-sections -fdata-sections -Wall -Wextra -fno-tree-loop-distribute-patterns"

"Running Make libs in microblaze_0/libsrc/intc_v3_15/src"

make -C microblaze_0/libsrc/intc_v3_15/src -s libs  "SHELL=CMD" "COMPILER=mb-gcc" "ASSEMBLER=mb-as" "ARCHIVER=mb-ar" "COMPILER_
FLAGS=  -O2 -c -mcpu=v11.0 -mlittle-endian -mno-xl-reorder -mno-xl-soft-mul -mxl-barrel-shift -mxl-pattern-compare" "EXTRA_COMP
ILER_FLAGS=-g -ffunction-sections -fdata-sections -Wall -Wextra -fno-tree-loop-distribute-patterns"

"Running Make libs in microblaze_0/libsrc/standalone_v8_0/src"

make -C microblaze_0/libsrc/standalone_v8_0/src -s libs  "SHELL=CMD" "COMPILER=mb-gcc" "ASSEMBLER=mb-as" "ARCHIVER=mb-ar" "COMP
ILER_FLAGS=  -O2 -c -mcpu=v11.0 -mlittle-endian -mno-xl-reorder -mno-xl-soft-mul -mxl-barrel-shift -mxl-pattern-compare" "EXTRA
_COMPILER_FLAGS=-g -ffunction-sections -fdata-sections -Wall -Wextra -fno-tree-loop-distribute-patterns"

"Running Make libs in microblaze_0/libsrc/uartlite_v3_7/src"

make -C microblaze_0/libsrc/uartlite_v3_7/src -s libs  "SHELL=CMD" "COMPILER=mb-gcc" "ASSEMBLER=mb-as" "ARCHIVER=mb-ar" "COMPIL
ER_FLAGS=  -O2 -c -mcpu=v11.0 -mlittle-endian -mno-xl-reorder -mno-xl-soft-mul -mxl-barrel-shift -mxl-pattern-compare" "EXTRA_C
OMPILER_FLAGS=-g -ffunction-sections -fdata-sections -Wall -Wextra -fno-tree-loop-distribute-patterns"

microblaze_sleep.c:81:9: note: '#pragma message: For the sleep routines, assembly instructions are used'
   81 | #pragma message ("For the sleep routines, assembly instructions are used")
      |         ^~~~~~~
"DEBUG NON_LTO_OBJECTS is ../../../lib/microblaze_interrupt_handler.o"

'Finished building libraries parallelly.'

make --no-print-directory archive

mb-ar -r  microblaze_0/lib/libxil.a microblaze_0/lib/_exit.o microblaze_0/lib/errno.o microblaze_0/lib/fcntl.o microblaze_0/lib
/hw_exception_handler.o microblaze_0/lib/inbyte.o microblaze_0/lib/microblaze_disable_dcache.o microblaze_0/lib/microblaze_disa
ble_exceptions.o microblaze_0/lib/microblaze_disable_icache.o microblaze_0/lib/microblaze_disable_interrupts.o microblaze_0/lib
/microblaze_enable_dcache.o microblaze_0/lib/microblaze_enable_exceptions.o microblaze_0/lib/microblaze_enable_icache.o microbl
aze_0/lib/microblaze_enable_interrupts.o microblaze_0/lib/microblaze_exception_handler.o microblaze_0/lib/microblaze_flush_cach
e_ext.o microblaze_0/lib/microblaze_flush_cache_ext_range.o microblaze_0/lib/microblaze_flush_dcache.o microblaze_0/lib/microbl
aze_flush_dcache_range.o microblaze_0/lib/microblaze_init_dcache_range.o microblaze_0/lib/microblaze_init_icache_range.o microb
laze_0/lib/microblaze_interrupt_handler.o microblaze_0/lib/microblaze_interrupts_g.o microblaze_0/lib/microblaze_invalidate_cac
he_ext.o microblaze_0/lib/microblaze_invalidate_cache_ext_range.o microblaze_0/lib/microblaze_invalidate_dcache.o microblaze_0/
lib/microblaze_invalidate_dcache_range.o microblaze_0/lib/microblaze_invalidate_icache.o microblaze_0/lib/microblaze_invalidate
_icache_range.o microblaze_0/lib/microblaze_scrub.o microblaze_0/lib/microblaze_selftest.o microblaze_0/lib/microblaze_sleep.o 
microblaze_0/lib/microblaze_update_dcache.o microblaze_0/lib/microblaze_update_icache.o microblaze_0/lib/outbyte.o microblaze_0
/lib/print.o microblaze_0/lib/pvr.o microblaze_0/lib/xbram.o microblaze_0/lib/xbram_g.o microblaze_0/lib/xbram_intr.o microblaz
e_0/lib/xbram_selftest.o microblaze_0/lib/xbram_sinit.o microblaze_0/lib/xil_assert.o microblaze_0/lib/xil_cache.o microblaze_0
/lib/xil_clocking.o microblaze_0/lib/xil_exception.o microblaze_0/lib/xil_mem.o microblaze_0/lib/xil_misc_psreset_api.o microbl
aze_0/lib/xil_printf.o microblaze_0/lib/xil_sleepcommon.o microblaze_0/lib/xil_testcache.o microblaze_0/lib/xil_testio.o microb
laze_0/lib/xil_testmem.o microblaze_0/lib/xil_util.o microblaze_0/lib/xintc.o microblaze_0/lib/xintc_g.o microblaze_0/lib/xintc
_intr.o microblaze_0/lib/xintc_l.o microblaze_0/lib/xintc_options.o microblaze_0/lib/xintc_selftest.o microblaze_0/lib/xinterru
pt_wrap.o microblaze_0/lib/xio.o microblaze_0/lib/xplatform_info.o microblaze_0/lib/xuartlite.o microblaze_0/lib/xuartlite_g.o 
microblaze_0/lib/xuartlite_intr.o microblaze_0/lib/xuartlite_l.o microblaze_0/lib/xuartlite_selftest.o microblaze_0/lib/xuartli
te_sinit.o microblaze_0/lib/xuartlite_stats.o

mb-ar: creating microblaze_0/lib/libxil.a
'Finished building libraries'

23:37:44 **** Build of configuration Debug for project Lab7_2 ****
make all 
'Building file: ../src/hdmi_text_controller.c'
'Invoking: MicroBlaze gcc compiler'
mb-gcc -Wall -O0 -g3 -c -fmessage-length=0 -MT"src/hdmi_text_controller.o" -IC:/Users/14435/Desktop/ECE385/lab7_2_workspace/lab7_2_toplevel/export/lab7_2_toplevel/sw/lab7_2_toplevel/standalone_microblaze_0/bspinclude/include -mno-xl-reorder -mlittle-endian -mxl-barrel-shift -mxl-pattern-compare -mcpu=v11.0 -mno-xl-soft-mul -Wl,--no-relax -ffunction-sections -fdata-sections -MMD -MP -MF"src/hdmi_text_controller.d" -MT"src/hdmi_text_controller.o" -o "src/hdmi_text_controller.o" "../src/hdmi_text_controller.c"
In file included from ../src/hdmi_text_controller.h:8,
                 from ../src/hdmi_text_controller.c:4:
C:/Users/14435/Desktop/ECE385/lab7_2_workspace/lab7_2_toplevel/export/lab7_2_toplevel/sw/lab7_2_toplevel/standalone_microblaze_0/bspinclude/include/xparameters.h:574:50: warning: initialization of 'volatile struct TEXT_HDMI_STRUCT *' from 'int' makes pointer from integer without a cast [-Wint-conversion]
  574 | #define XPAR_HDMI_TEXT_CONTROLLER_0_AXI_BASEADDR 0x44A00000
      |                                                  ^~~~~~~~~~
../src/hdmi_text_controller.h:30:54: note: in expansion of macro 'XPAR_HDMI_TEXT_CONTROLLER_0_AXI_BASEADDR'
   30 | static volatile struct TEXT_HDMI_STRUCT* hdmi_ctrl = XPAR_HDMI_TEXT_CONTROLLER_0_AXI_BASEADDR;
      |                                                      ^~~~~~~~~~~~~~~~~~~~~~~~~~~~~~~~~~~~~~~~
../src/hdmi_text_controller.c:101:1: warning: return type defaults to 'int' [-Wimplicit-int]
  101 | hdmiTestWeek2()
      | ^~~~~~~~~~~~~
../src/hdmi_text_controller.c:101:1: warning: conflicting types for 'hdmiTestWeek2'
In file included from ../src/hdmi_text_controller.c:4:
../src/hdmi_text_controller.h:119:6: note: previous declaration of 'hdmiTestWeek2' with type 'void()'
  119 | void hdmiTestWeek2(); //call this for your Week 2 demo
      |      ^~~~~~~~~~~~~
../src/hdmi_text_controller.c: In function 'hdmiTestWeek2':
../src/hdmi_text_controller.c:124:46: warning: format '%x' expects argument of type 'unsigned int', but argument 3 has type 'uint32_t' {aka 'long unsigned int'} [-Wformat=]
  124 |                 printf ("Row: %d, Checksum: %x, Read-back Checksum: %x\n\r", j, checksum[j], readsum[j]);
      |                                             ~^                                  ~~~~~~~~~~~
      |                                              |                                          |
      |                                              unsigned int                               uint32_t {aka long unsigned int}
      |                                             %lx
../src/hdmi_text_controller.c:124:70: warning: format '%x' expects argument of type 'unsigned int', but argument 4 has type 'uint32_t' {aka 'long unsigned int'} [-Wformat=]
  124 |                 printf ("Row: %d, Checksum: %x, Read-back Checksum: %x\n\r", j, checksum[j], readsum[j]);
      |                                                                     ~^                       ~~~~~~~~~~
      |                                                                      |                              |
      |                                                                      unsigned int                   uint32_t {aka long unsigned int}
      |                                                                     %lx
'Finished building: ../src/hdmi_text_controller.c'
' '
'Building file: ../src/main.c'
'Invoking: MicroBlaze gcc compiler'
mb-gcc -Wall -O0 -g3 -c -fmessage-length=0 -MT"src/main.o" -IC:/Users/14435/Desktop/ECE385/lab7_2_workspace/lab7_2_toplevel/export/lab7_2_toplevel/sw/lab7_2_toplevel/standalone_microblaze_0/bspinclude/include -mno-xl-reorder -mlittle-endian -mxl-barrel-shift -mxl-pattern-compare -mcpu=v11.0 -mno-xl-soft-mul -Wl,--no-relax -ffunction-sections -fdata-sections -MMD -MP -MF"src/main.d" -MT"src/main.o" -o "src/main.o" "../src/main.c"
../src/main.c: In function 'main':
../src/main.c:57:5: warning: implicit declaration of function 'hdmiTestWeek2' [-Wimplicit-function-declaration]
   57 |     hdmiTestWeek2();
      |     ^~~~~~~~~~~~~
'Finished building: ../src/main.c'
' '
'Building file: ../src/platform.c'
'Invoking: MicroBlaze gcc compiler'
mb-gcc -Wall -O0 -g3 -c -fmessage-length=0 -MT"src/platform.o" -IC:/Users/14435/Desktop/ECE385/lab7_2_workspace/lab7_2_toplevel/export/lab7_2_toplevel/sw/lab7_2_toplevel/standalone_microblaze_0/bspinclude/include -mno-xl-reorder -mlittle-endian -mxl-barrel-shift -mxl-pattern-compare -mcpu=v11.0 -mno-xl-soft-mul -Wl,--no-relax -ffunction-sections -fdata-sections -MMD -MP -MF"src/platform.d" -MT"src/platform.o" -o "src/platform.o" "../src/platform.c"
'Finished building: ../src/platform.c'
' '
'Building target: Lab7_2.elf'
'Invoking: MicroBlaze gcc linker'
mb-gcc -Wl,-T -Wl,../src/lscript.ld -LC:/Users/14435/Desktop/ECE385/lab7_2_workspace/lab7_2_toplevel/export/lab7_2_toplevel/sw/lab7_2_toplevel/standalone_microblaze_0/bsplib/lib -mlittle-endian -mxl-barrel-shift -mxl-pattern-compare -mcpu=v11.0 -mno-xl-soft-mul -Wl,--no-relax -Wl,--gc-sections -o "Lab7_2.elf"  ./src/hdmi_text_controller.o ./src/main.o ./src/platform.o   -Wl,--start-group,-lxil,-lgcc,-lc,--end-group
'Finished building target: Lab7_2.elf'
' '
'Invoking: MicroBlaze Print Size'
mb-size Lab7_2.elf  |tee "Lab7_2.elf.size"
   text	   data	    bss	    dec	    hex	filename
  85380	   2096	   3172	  90648	  16218	Lab7_2.elf
'Finished building: Lab7_2.elf.size'
' '
23:37:46 **** Build of configuration Debug for project Lab7_2_system ****
make all 
Skipping SD card image generation. Reason: "The system project only has applications for microblaze processors."
23:47:51 **** Clean-only build of configuration Debug for project Lab7_2 ****
make clean 
rm -rf  ./src/hdmi_text_controller.o ./src/main.o ./src/platform.o  ./src/hdmi_text_controller.d ./src/main.d ./src/platform.d  Lab7_2.elf.size  Lab7_2.elf
' '
23:47:52 **** Clean-only build of configuration Debug for project Lab7_2_system ****
make clean 
rm -rf ./_sds
rm -rf package
rm -f system.bif
23:47:52 **** Clean-only build of project lab7_2_toplevel ****
buildplatform.bat 49913 lab7_2_toplevel clean 
xsct% XSDB Server Channel: tcfchan#19
Cleaning the BSP for domain  - standalone_microblaze_0
make -C microblaze_0/libsrc/bram_v4_8/src -s clean 

make -C microblaze_0/libsrc/cpu_v2_16/src -s clean 

make -C microblaze_0/libsrc/intc_v3_15/src -s clean 

make -C microblaze_0/libsrc/standalone_v8_0/src -s clean 

make -C microblaze_0/libsrc/uartlite_v3_7/src -s clean 

rm -f microblaze_0/lib/libxil.a

23:48:02 **** Clean-only build of configuration Debug for project Lab7_2 ****
make clean 
rm -rf  ./src/hdmi_text_controller.o ./src/main.o ./src/platform.o  ./src/hdmi_text_controller.d ./src/main.d ./src/platform.d  Lab7_2.elf.size  Lab7_2.elf
' '
23:48:03 **** Clean-only build of configuration Debug for project Lab7_2_system ****
make clean 
rm -rf ./_sds
rm -rf package
rm -f system.bif
23:48:03 **** Clean-only build of project lab7_2_toplevel ****
buildplatform.bat 49913 lab7_2_toplevel clean 
XSDB Server Channel: tcfchan#20
Cleaning the BSP for domain  - standalone_microblaze_0
make -C microblaze_0/libsrc/bram_v4_8/src -s clean 

make -C microblaze_0/libsrc/cpu_v2_16/src -s clean 

make -C microblaze_0/libsrc/intc_v3_15/src -s clean 

make -C microblaze_0/libsrc/standalone_v8_0/src -s clean 

make -C microblaze_0/libsrc/uartlite_v3_7/src -s clean 

rm -f microblaze_0/lib/libxil.a

23:48:07 **** Build of project lab7_2_toplevel ****
buildplatform.bat 49913 lab7_2_toplevel  
XSDB Server Channel: tcfchan#21
C:/Users/14435/Desktop/Vitis/2022.2/gnu/microblaze/nt
Building the BSP Library for domain  - standalone_microblaze_0 on processor microblaze_0
make --no-print-directory seq_libs

'Finished building libraries sequentially.'

make -j 14 --no-print-directory par_libs

"Running Make include in microblaze_0/libsrc/bram_v4_8/src"

make -C microblaze_0/libsrc/bram_v4_8/src -s include  "SHELL=CMD" "COMPILER=mb-gcc" "ASSEMBLER=mb-as" "ARCHIVER=mb-ar" "COMPILE
R_FLAGS=  -O2 -c -mcpu=v11.0 -mlittle-endian -mno-xl-reorder -mno-xl-soft-mul -mxl-barrel-shift -mxl-pattern-compare" "EXTRA_CO
MPILER_FLAGS=-g -ffunction-sections -fdata-sections -Wall -Wextra -fno-tree-loop-distribute-patterns"

"Running Make include in microblaze_0/libsrc/cpu_v2_16/src"

make -C microblaze_0/libsrc/cpu_v2_16/src -s include  "SHELL=CMD" "COMPILER=mb-gcc" "ASSEMBLER=mb-as" "ARCHIVER=mb-ar" "COMPILE
R_FLAGS=  -O2 -c -mcpu=v11.0 -mlittle-endian -mno-xl-reorder -mno-xl-soft-mul -mxl-barrel-shift -mxl-pattern-compare" "EXTRA_CO
MPILER_FLAGS=-g -ffunction-sections -fdata-sections -Wall -Wextra -fno-tree-loop-distribute-patterns"

"Running Make include in microblaze_0/libsrc/intc_v3_15/src"

make -C microblaze_0/libsrc/intc_v3_15/src -s include  "SHELL=CMD" "COMPILER=mb-gcc" "ASSEMBLER=mb-as" "ARCHIVER=mb-ar" "COMPIL
ER_FLAGS=  -O2 -c -mcpu=v11.0 -mlittle-endian -mno-xl-reorder -mno-xl-soft-mul -mxl-barrel-shift -mxl-pattern-compare" "EXTRA_C
OMPILER_FLAGS=-g -ffunction-sections -fdata-sections -Wall -Wextra -fno-tree-loop-distribute-patterns"

"Running Make include in microblaze_0/libsrc/standalone_v8_0/src"

make -C microblaze_0/libsrc/standalone_v8_0/src -s include  "SHELL=CMD" "COMPILER=mb-gcc" "ASSEMBLER=mb-as" "ARCHIVER=mb-ar" "C
OMPILER_FLAGS=  -O2 -c -mcpu=v11.0 -mlittle-endian -mno-xl-reorder -mno-xl-soft-mul -mxl-barrel-shift -mxl-pattern-compare" "EX
TRA_COMPILER_FLAGS=-g -ffunction-sections -fdata-sections -Wall -Wextra -fno-tree-loop-distribute-patterns"

"Running Make include in microblaze_0/libsrc/uartlite_v3_7/src"

make -C microblaze_0/libsrc/uartlite_v3_7/src -s include  "SHELL=CMD" "COMPILER=mb-gcc" "ASSEMBLER=mb-as" "ARCHIVER=mb-ar" "COM
PILER_FLAGS=  -O2 -c -mcpu=v11.0 -mlittle-endian -mno-xl-reorder -mno-xl-soft-mul -mxl-barrel-shift -mxl-pattern-compare" "EXTR
A_COMPILER_FLAGS=-g -ffunction-sections -fdata-sections -Wall -Wextra -fno-tree-loop-distribute-patterns"

"Running Make libs in microblaze_0/libsrc/bram_v4_8/src"

make -C microblaze_0/libsrc/bram_v4_8/src -s libs  "SHELL=CMD" "COMPILER=mb-gcc" "ASSEMBLER=mb-as" "ARCHIVER=mb-ar" "COMPILER_F
LAGS=  -O2 -c -mcpu=v11.0 -mlittle-endian -mno-xl-reorder -mno-xl-soft-mul -mxl-barrel-shift -mxl-pattern-compare" "EXTRA_COMPI
LER_FLAGS=-g -ffunction-sections -fdata-sections -Wall -Wextra -fno-tree-loop-distribute-patterns"

"Running Make libs in microblaze_0/libsrc/cpu_v2_16/src"

make -C microblaze_0/libsrc/cpu_v2_16/src -s libs  "SHELL=CMD" "COMPILER=mb-gcc" "ASSEMBLER=mb-as" "ARCHIVER=mb-ar" "COMPILER_F
LAGS=  -O2 -c -mcpu=v11.0 -mlittle-endian -mno-xl-reorder -mno-xl-soft-mul -mxl-barrel-shift -mxl-pattern-compare" "EXTRA_COMPI
LER_FLAGS=-g -ffunction-sections -fdata-sections -Wall -Wextra -fno-tree-loop-distribute-patterns"

"Running Make libs in microblaze_0/libsrc/intc_v3_15/src"

make -C microblaze_0/libsrc/intc_v3_15/src -s libs  "SHELL=CMD" "COMPILER=mb-gcc" "ASSEMBLER=mb-as" "ARCHIVER=mb-ar" "COMPILER_
FLAGS=  -O2 -c -mcpu=v11.0 -mlittle-endian -mno-xl-reorder -mno-xl-soft-mul -mxl-barrel-shift -mxl-pattern-compare" "EXTRA_COMP
ILER_FLAGS=-g -ffunction-sections -fdata-sections -Wall -Wextra -fno-tree-loop-distribute-patterns"

"Running Make libs in microblaze_0/libsrc/standalone_v8_0/src"

make -C microblaze_0/libsrc/standalone_v8_0/src -s libs  "SHELL=CMD" "COMPILER=mb-gcc" "ASSEMBLER=mb-as" "ARCHIVER=mb-ar" "COMP
ILER_FLAGS=  -O2 -c -mcpu=v11.0 -mlittle-endian -mno-xl-reorder -mno-xl-soft-mul -mxl-barrel-shift -mxl-pattern-compare" "EXTRA
_COMPILER_FLAGS=-g -ffunction-sections -fdata-sections -Wall -Wextra -fno-tree-loop-distribute-patterns"

"Running Make libs in microblaze_0/libsrc/uartlite_v3_7/src"

make -C microblaze_0/libsrc/uartlite_v3_7/src -s libs  "SHELL=CMD" "COMPILER=mb-gcc" "ASSEMBLER=mb-as" "ARCHIVER=mb-ar" "COMPIL
ER_FLAGS=  -O2 -c -mcpu=v11.0 -mlittle-endian -mno-xl-reorder -mno-xl-soft-mul -mxl-barrel-shift -mxl-pattern-compare" "EXTRA_C
OMPILER_FLAGS=-g -ffunction-sections -fdata-sections -Wall -Wextra -fno-tree-loop-distribute-patterns"

microblaze_sleep.c:81:9: note: '#pragma message: For the sleep routines, assembly instructions are used'
   81 | #pragma message ("For the sleep routines, assembly instructions are used")
      |         ^~~~~~~
"DEBUG NON_LTO_OBJECTS is ../../../lib/microblaze_interrupt_handler.o"

'Finished building libraries parallelly.'

make --no-print-directory archive

mb-ar -r  microblaze_0/lib/libxil.a microblaze_0/lib/_exit.o microblaze_0/lib/errno.o microblaze_0/lib/fcntl.o microblaze_0/lib
/hw_exception_handler.o microblaze_0/lib/inbyte.o microblaze_0/lib/microblaze_disable_dcache.o microblaze_0/lib/microblaze_disa
ble_exceptions.o microblaze_0/lib/microblaze_disable_icache.o microblaze_0/lib/microblaze_disable_interrupts.o microblaze_0/lib
/microblaze_enable_dcache.o microblaze_0/lib/microblaze_enable_exceptions.o microblaze_0/lib/microblaze_enable_icache.o microbl
aze_0/lib/microblaze_enable_interrupts.o microblaze_0/lib/microblaze_exception_handler.o microblaze_0/lib/microblaze_flush_cach
e_ext.o microblaze_0/lib/microblaze_flush_cache_ext_range.o microblaze_0/lib/microblaze_flush_dcache.o microblaze_0/lib/microbl
aze_flush_dcache_range.o microblaze_0/lib/microblaze_init_dcache_range.o microblaze_0/lib/microblaze_init_icache_range.o microb
laze_0/lib/microblaze_interrupt_handler.o microblaze_0/lib/microblaze_interrupts_g.o microblaze_0/lib/microblaze_invalidate_cac
he_ext.o microblaze_0/lib/microblaze_invalidate_cache_ext_range.o microblaze_0/lib/microblaze_invalidate_dcache.o microblaze_0/
lib/microblaze_invalidate_dcache_range.o microblaze_0/lib/microblaze_invalidate_icache.o microblaze_0/lib/microblaze_invalidate
_icache_range.o microblaze_0/lib/microblaze_scrub.o microblaze_0/lib/microblaze_selftest.o microblaze_0/lib/microblaze_sleep.o 
microblaze_0/lib/microblaze_update_dcache.o microblaze_0/lib/microblaze_update_icache.o microblaze_0/lib/outbyte.o microblaze_0
/lib/print.o microblaze_0/lib/pvr.o microblaze_0/lib/xbram.o microblaze_0/lib/xbram_g.o microblaze_0/lib/xbram_intr.o microblaz
e_0/lib/xbram_selftest.o microblaze_0/lib/xbram_sinit.o microblaze_0/lib/xil_assert.o microblaze_0/lib/xil_cache.o microblaze_0
/lib/xil_clocking.o microblaze_0/lib/xil_exception.o microblaze_0/lib/xil_mem.o microblaze_0/lib/xil_misc_psreset_api.o microbl
aze_0/lib/xil_printf.o microblaze_0/lib/xil_sleepcommon.o microblaze_0/lib/xil_testcache.o microblaze_0/lib/xil_testio.o microb
laze_0/lib/xil_testmem.o microblaze_0/lib/xil_util.o microblaze_0/lib/xintc.o microblaze_0/lib/xintc_g.o microblaze_0/lib/xintc
_intr.o microblaze_0/lib/xintc_l.o microblaze_0/lib/xintc_options.o microblaze_0/lib/xintc_selftest.o microblaze_0/lib/xinterru
pt_wrap.o microblaze_0/lib/xio.o microblaze_0/lib/xplatform_info.o microblaze_0/lib/xuartlite.o microblaze_0/lib/xuartlite_g.o 
microblaze_0/lib/xuartlite_intr.o microblaze_0/lib/xuartlite_l.o microblaze_0/lib/xuartlite_selftest.o microblaze_0/lib/xuartli
te_sinit.o microblaze_0/lib/xuartlite_stats.o

mb-ar: creating microblaze_0/lib/libxil.a
'Finished building libraries'

23:48:14 **** Build of configuration Debug for project Lab7_2 ****
make all 
'Building file: ../src/hdmi_text_controller.c'
'Invoking: MicroBlaze gcc compiler'
mb-gcc -Wall -O0 -g3 -c -fmessage-length=0 -MT"src/hdmi_text_controller.o" -IC:/Users/14435/Desktop/ECE385/lab7_2_workspace/lab7_2_toplevel/export/lab7_2_toplevel/sw/lab7_2_toplevel/standalone_microblaze_0/bspinclude/include -mno-xl-reorder -mlittle-endian -mxl-barrel-shift -mxl-pattern-compare -mcpu=v11.0 -mno-xl-soft-mul -Wl,--no-relax -ffunction-sections -fdata-sections -MMD -MP -MF"src/hdmi_text_controller.d" -MT"src/hdmi_text_controller.o" -o "src/hdmi_text_controller.o" "../src/hdmi_text_controller.c"
In file included from ../src/hdmi_text_controller.h:8,
                 from ../src/hdmi_text_controller.c:4:
C:/Users/14435/Desktop/ECE385/lab7_2_workspace/lab7_2_toplevel/export/lab7_2_toplevel/sw/lab7_2_toplevel/standalone_microblaze_0/bspinclude/include/xparameters.h:574:50: warning: initialization of 'volatile struct TEXT_HDMI_STRUCT *' from 'int' makes pointer from integer without a cast [-Wint-conversion]
  574 | #define XPAR_HDMI_TEXT_CONTROLLER_0_AXI_BASEADDR 0x44A00000
      |                                                  ^~~~~~~~~~
../src/hdmi_text_controller.h:30:54: note: in expansion of macro 'XPAR_HDMI_TEXT_CONTROLLER_0_AXI_BASEADDR'
   30 | static volatile struct TEXT_HDMI_STRUCT* hdmi_ctrl = XPAR_HDMI_TEXT_CONTROLLER_0_AXI_BASEADDR;
      |                                                      ^~~~~~~~~~~~~~~~~~~~~~~~~~~~~~~~~~~~~~~~
../src/hdmi_text_controller.c:101:1: warning: return type defaults to 'int' [-Wimplicit-int]
  101 | hdmiTestWeek2()
      | ^~~~~~~~~~~~~
../src/hdmi_text_controller.c:101:1: warning: conflicting types for 'hdmiTestWeek2'
In file included from ../src/hdmi_text_controller.c:4:
../src/hdmi_text_controller.h:119:6: note: previous declaration of 'hdmiTestWeek2' with type 'void()'
  119 | void hdmiTestWeek2(); //call this for your Week 2 demo
      |      ^~~~~~~~~~~~~
../src/hdmi_text_controller.c: In function 'hdmiTestWeek2':
../src/hdmi_text_controller.c:124:46: warning: format '%x' expects argument of type 'unsigned int', but argument 3 has type 'uint32_t' {aka 'long unsigned int'} [-Wformat=]
  124 |                 printf ("Row: %d, Checksum: %x, Read-back Checksum: %x\n\r", j, checksum[j], readsum[j]);
      |                                             ~^                                  ~~~~~~~~~~~
      |                                              |                                          |
      |                                              unsigned int                               uint32_t {aka long unsigned int}
      |                                             %lx
../src/hdmi_text_controller.c:124:70: warning: format '%x' expects argument of type 'unsigned int', but argument 4 has type 'uint32_t' {aka 'long unsigned int'} [-Wformat=]
  124 |                 printf ("Row: %d, Checksum: %x, Read-back Checksum: %x\n\r", j, checksum[j], readsum[j]);
      |                                                                     ~^                       ~~~~~~~~~~
      |                                                                      |                              |
      |                                                                      unsigned int                   uint32_t {aka long unsigned int}
      |                                                                     %lx
'Finished building: ../src/hdmi_text_controller.c'
' '
'Building file: ../src/main.c'
'Invoking: MicroBlaze gcc compiler'
mb-gcc -Wall -O0 -g3 -c -fmessage-length=0 -MT"src/main.o" -IC:/Users/14435/Desktop/ECE385/lab7_2_workspace/lab7_2_toplevel/export/lab7_2_toplevel/sw/lab7_2_toplevel/standalone_microblaze_0/bspinclude/include -mno-xl-reorder -mlittle-endian -mxl-barrel-shift -mxl-pattern-compare -mcpu=v11.0 -mno-xl-soft-mul -Wl,--no-relax -ffunction-sections -fdata-sections -MMD -MP -MF"src/main.d" -MT"src/main.o" -o "src/main.o" "../src/main.c"
../src/main.c: In function 'main':
../src/main.c:57:5: warning: implicit declaration of function 'hdmiTestWeek2' [-Wimplicit-function-declaration]
   57 |     hdmiTestWeek2();
      |     ^~~~~~~~~~~~~
'Finished building: ../src/main.c'
' '
'Building file: ../src/platform.c'
'Invoking: MicroBlaze gcc compiler'
mb-gcc -Wall -O0 -g3 -c -fmessage-length=0 -MT"src/platform.o" -IC:/Users/14435/Desktop/ECE385/lab7_2_workspace/lab7_2_toplevel/export/lab7_2_toplevel/sw/lab7_2_toplevel/standalone_microblaze_0/bspinclude/include -mno-xl-reorder -mlittle-endian -mxl-barrel-shift -mxl-pattern-compare -mcpu=v11.0 -mno-xl-soft-mul -Wl,--no-relax -ffunction-sections -fdata-sections -MMD -MP -MF"src/platform.d" -MT"src/platform.o" -o "src/platform.o" "../src/platform.c"
'Finished building: ../src/platform.c'
' '
'Building target: Lab7_2.elf'
'Invoking: MicroBlaze gcc linker'
mb-gcc -Wl,-T -Wl,../src/lscript.ld -LC:/Users/14435/Desktop/ECE385/lab7_2_workspace/lab7_2_toplevel/export/lab7_2_toplevel/sw/lab7_2_toplevel/standalone_microblaze_0/bsplib/lib -mlittle-endian -mxl-barrel-shift -mxl-pattern-compare -mcpu=v11.0 -mno-xl-soft-mul -Wl,--no-relax -Wl,--gc-sections -o "Lab7_2.elf"  ./src/hdmi_text_controller.o ./src/main.o ./src/platform.o   -Wl,--start-group,-lxil,-lgcc,-lc,--end-group
'Finished building target: Lab7_2.elf'
' '
'Invoking: MicroBlaze Print Size'
mb-size Lab7_2.elf  |tee "Lab7_2.elf.size"
   text	   data	    bss	    dec	    hex	filename
  85380	   2096	   3172	  90648	  16218	Lab7_2.elf
'Finished building: Lab7_2.elf.size'
' '
23:48:16 **** Build of configuration Debug for project Lab7_2_system ****
make all 
Skipping SD card image generation. Reason: "The system project only has applications for microblaze processors."
